Component: ARM Compiler 5.06 update 7 (build 960) Tool: armlink [4d3601]

==============================================================================

Section Cross References

    startup_stm32f103xe.o(RESET) refers to startup_stm32f103xe.o(STACK) for __initial_sp
    startup_stm32f103xe.o(RESET) refers to startup_stm32f103xe.o(.text) for Reset_Handler
    startup_stm32f103xe.o(RESET) refers to stm32f1xx_it.o(i.NMI_Handler) for NMI_Handler
    startup_stm32f103xe.o(RESET) refers to stm32f1xx_it.o(i.HardFault_Handler) for HardFault_Handler
    startup_stm32f103xe.o(RESET) refers to stm32f1xx_it.o(i.MemManage_Handler) for MemManage_Handler
    startup_stm32f103xe.o(RESET) refers to stm32f1xx_it.o(i.BusFault_Handler) for BusFault_Handler
    startup_stm32f103xe.o(RESET) refers to stm32f1xx_it.o(i.UsageFault_Handler) for UsageFault_Handler
    startup_stm32f103xe.o(RESET) refers to stm32f1xx_it.o(i.SVC_Handler) for SVC_Handler
    startup_stm32f103xe.o(RESET) refers to stm32f1xx_it.o(i.DebugMon_Handler) for DebugMon_Handler
    startup_stm32f103xe.o(RESET) refers to stm32f1xx_it.o(i.PendSV_Handler) for PendSV_Handler
    startup_stm32f103xe.o(RESET) refers to stm32f1xx_it.o(i.SysTick_Handler) for SysTick_Handler
    startup_stm32f103xe.o(RESET) refers to stm32f1xx_it.o(i.PVD_IRQHandler) for PVD_IRQHandler
    startup_stm32f103xe.o(RESET) refers to stm32f1xx_it.o(i.DMA1_Channel1_IRQHandler) for DMA1_Channel1_IRQHandler
    startup_stm32f103xe.o(RESET) refers to stm32f1xx_it.o(i.ADC1_2_IRQHandler) for ADC1_2_IRQHandler
    startup_stm32f103xe.o(RESET) refers to stm32f1xx_it.o(i.EXTI9_5_IRQHandler) for EXTI9_5_IRQHandler
    startup_stm32f103xe.o(RESET) refers to stm32f1xx_it.o(i.TIM3_IRQHandler) for TIM3_IRQHandler
    startup_stm32f103xe.o(RESET) refers to stm32f1xx_it.o(i.I2C1_EV_IRQHandler) for I2C1_EV_IRQHandler
    startup_stm32f103xe.o(RESET) refers to stm32f1xx_it.o(i.I2C1_ER_IRQHandler) for I2C1_ER_IRQHandler
    startup_stm32f103xe.o(RESET) refers to stm32f1xx_it.o(i.SPI2_IRQHandler) for SPI2_IRQHandler
    startup_stm32f103xe.o(RESET) refers to stm32f1xx_it.o(i.USART1_IRQHandler) for USART1_IRQHandler
    startup_stm32f103xe.o(RESET) refers to stm32f1xx_it.o(i.USART3_IRQHandler) for USART3_IRQHandler
    startup_stm32f103xe.o(RESET) refers to stm32f1xx_it.o(i.EXTI15_10_IRQHandler) for EXTI15_10_IRQHandler
    startup_stm32f103xe.o(.text) refers to system_stm32f1xx.o(i.SystemInit) for SystemInit
    startup_stm32f103xe.o(.text) refers to entry.o(.ARM.Collect$$$$00000000) for __main
    main.o(i.Error_Handler) refers to usart.o(i.Debug_Printf) for Debug_Printf
    main.o(i.Error_Handler) refers to stm32f1xx_hal.o(i.HAL_Delay) for HAL_Delay
    main.o(i.SystemClock_Config) refers to memseta.o(.text) for __aeabi_memclr4
    main.o(i.SystemClock_Config) refers to stm32f1xx_hal_rcc.o(i.HAL_RCC_OscConfig) for HAL_RCC_OscConfig
    main.o(i.SystemClock_Config) refers to stm32f1xx_hal_rcc.o(i.HAL_RCC_ClockConfig) for HAL_RCC_ClockConfig
    main.o(i.SystemClock_Config) refers to stm32f1xx_hal_rcc_ex.o(i.HAL_RCCEx_PeriphCLKConfig) for HAL_RCCEx_PeriphCLKConfig
    main.o(i.SystemClock_Config) refers to main.o(i.Error_Handler) for Error_Handler
    main.o(i.main) refers to stm32f1xx_hal.o(i.HAL_Init) for HAL_Init
    main.o(i.main) refers to main.o(i.SystemClock_Config) for SystemClock_Config
    main.o(i.main) refers to gpio.o(i.MX_GPIO_Init) for MX_GPIO_Init
    main.o(i.main) refers to dma.o(i.MX_DMA_Init) for MX_DMA_Init
    main.o(i.main) refers to adc.o(i.MX_ADC1_Init) for MX_ADC1_Init
    main.o(i.main) refers to i2c.o(i.MX_I2C1_Init) for MX_I2C1_Init
    main.o(i.main) refers to iwdg.o(i.MX_IWDG_Init) for MX_IWDG_Init
    main.o(i.main) refers to spi.o(i.MX_SPI2_Init) for MX_SPI2_Init
    main.o(i.main) refers to tim.o(i.MX_TIM3_Init) for MX_TIM3_Init
    main.o(i.main) refers to usart.o(i.MX_USART1_UART_Init) for MX_USART1_UART_Init
    main.o(i.main) refers to usart.o(i.MX_USART3_UART_Init) for MX_USART3_UART_Init
    main.o(i.main) refers to usart.o(i.Debug_Init) for Debug_Init
    main.o(i.main) refers to usart.o(i.Debug_Printf) for Debug_Printf
    main.o(i.main) refers to usart.o(i.Debug_PrintGPIOStatus) for Debug_PrintGPIOStatus
    main.o(i.main) refers to usart.o(i.Debug_PrintRelayStatus) for Debug_PrintRelayStatus
    main.o(i.main) refers to stm32f1xx_hal.o(i.HAL_GetTick) for HAL_GetTick
    main.o(i.main) refers to stm32f1xx_hal_iwdg.o(i.HAL_IWDG_Refresh) for HAL_IWDG_Refresh
    main.o(i.main) refers to main.o(.data) for .data
    main.o(i.main) refers to iwdg.o(.bss) for hiwdg
    gpio.o(i.GPIO_CheckChannelEnableStable) refers to gpio.o(i.GPIO_ReadChannelEnable) for GPIO_ReadChannelEnable
    gpio.o(i.GPIO_CheckChannelEnableStable) refers to stm32f1xx_hal.o(i.HAL_Delay) for HAL_Delay
    gpio.o(i.GPIO_CheckRelayStatusStable) refers to gpio.o(i.GPIO_ReadRelayStatus) for GPIO_ReadRelayStatus
    gpio.o(i.GPIO_CheckRelayStatusStable) refers to stm32f1xx_hal.o(i.HAL_Delay) for HAL_Delay
[...]
    ..\Core\Src\gpio.c                       0x00000000   Number         0  gpio.o ABSOLUTE
    ..\Core\Src\i2c.c                        0x00000000   Number         0  i2c.o ABSOLUTE
    ..\Core\Src\iwdg.c                       0x00000000   Number         0  iwdg.o ABSOLUTE
    ..\Core\Src\main.c                       0x00000000   Number         0  main.o ABSOLUTE
    ..\Core\Src\spi.c                        0x00000000   Number         0  spi.o ABSOLUTE
    ..\Core\Src\stm32f1xx_hal_msp.c          0x00000000   Number         0  stm32f1xx_hal_msp.o ABSOLUTE
    ..\Core\Src\stm32f1xx_it.c               0x00000000   Number         0  stm32f1xx_it.o ABSOLUTE
    ..\Core\Src\system_stm32f1xx.c           0x00000000   Number         0  system_stm32f1xx.o ABSOLUTE
    ..\Core\Src\tim.c                        0x00000000   Number         0  tim.o ABSOLUTE
    ..\Core\Src\usart.c                      0x00000000   Number         0  usart.o ABSOLUTE
    ..\Drivers\STM32F1xx_HAL_Driver\Src\stm32f1xx_hal.c 0x00000000   Number         0  stm32f1xx_hal.o ABSOLUTE
    ..\Drivers\STM32F1xx_HAL_Driver\Src\stm32f1xx_hal_adc.c 0x00000000   Number         0  stm32f1xx_hal_adc.o ABSOLUTE
    ..\Drivers\STM32F1xx_HAL_Driver\Src\stm32f1xx_hal_adc_ex.c 0x00000000   Number         0  stm32f1xx_hal_adc_ex.o ABSOLUTE
    ..\Drivers\STM32F1xx_HAL_Driver\Src\stm32f1xx_hal_cortex.c 0x00000000   Number         0  stm32f1xx_hal_cortex.o ABSOLUTE
    ..\Drivers\STM32F1xx_HAL_Driver\Src\stm32f1xx_hal_dma.c 0x00000000   Number         0  stm32f1xx_hal_dma.o ABSOLUTE
    ..\Drivers\STM32F1xx_HAL_Driver\Src\stm32f1xx_hal_exti.c 0x00000000   Number         0  stm32f1xx_hal_exti.o ABSOLUTE
    ..\Drivers\STM32F1xx_HAL_Driver\Src\stm32f1xx_hal_flash.c 0x00000000   Number         0  stm32f1xx_hal_flash.o ABSOLUTE
    ..\Drivers\STM32F1xx_HAL_Driver\Src\stm32f1xx_hal_flash_ex.c 0x00000000   Number         0  stm32f1xx_hal_flash_ex.o ABSOLUTE
    ..\Drivers\STM32F1xx_HAL_Driver\Src\stm32f1xx_hal_gpio.c 0x00000000   Number         0  stm32f1xx_hal_gpio.o ABSOLUTE
    ..\Drivers\STM32F1xx_HAL_Driver\Src\stm32f1xx_hal_gpio_ex.c 0x00000000   Number         0  stm32f1xx_hal_gpio_ex.o ABSOLUTE
    ..\Drivers\STM32F1xx_HAL_Driver\Src\stm32f1xx_hal_i2c.c 0x00000000   Number         0  stm32f1xx_hal_i2c.o ABSOLUTE
    ..\Drivers\STM32F1xx_HAL_Driver\Src\stm32f1xx_hal_iwdg.c 0x00000000   Number         0  stm32f1xx_hal_iwdg.o ABSOLUTE
    ..\Drivers\STM32F1xx_HAL_Driver\Src\stm32f1xx_hal_pwr.c 0x00000000   Number         0  stm32f1xx_hal_pwr.o ABSOLUTE
    ..\Drivers\STM32F1xx_HAL_Driver\Src\stm32f1xx_hal_rcc.c 0x00000000   Number         0  stm32f1xx_hal_rcc.o ABSOLUTE
    ..\Drivers\STM32F1xx_HAL_Driver\Src\stm32f1xx_hal_rcc_ex.c 0x00000000   Number         0  stm32f1xx_hal_rcc_ex.o ABSOLUTE
    ..\Drivers\STM32F1xx_HAL_Driver\Src\stm32f1xx_hal_spi.c 0x00000000   Number         0  stm32f1xx_hal_spi.o ABSOLUTE
    ..\Drivers\STM32F1xx_HAL_Driver\Src\stm32f1xx_hal_tim.c 0x00000000   Number         0  stm32f1xx_hal_tim.o ABSOLUTE
    ..\Drivers\STM32F1xx_HAL_Driver\Src\stm32f1xx_hal_tim_ex.c 0x00000000   Number         0  stm32f1xx_hal_tim_ex.o ABSOLUTE
    ..\Drivers\STM32F1xx_HAL_Driver\Src\stm32f1xx_hal_uart.c 0x00000000   Number         0  stm32f1xx_hal_uart.o ABSOLUTE
    cdrcmple.s                               0x00000000   Number         0  cdrcmple.o ABSOLUTE
    dc.s                                     0x00000000   Number         0  dc.o ABSOLUTE
    handlers.s                               0x00000000   Number         0  handlers.o ABSOLUTE
    init.s                                   0x00000000   Number         0  init.o ABSOLUTE
    startup_stm32f103xe.s                    0x00000000   Number         0  startup_stm32f103xe.o ABSOLUTE
    RESET                                    0x08000000   Section      304  startup_stm32f103xe.o(RESET)
    .ARM.Collect$$$$00000000                 0x08000130   Section        0  entry.o(.ARM.Collect$$$$00000000)
    .ARM.Collect$$$$00000001                 0x08000130   Section        4  entry2.o(.ARM.Collect$$$$00000001)
    .ARM.Collect$$$$00000004                 0x08000134   Section        4  entry5.o(.ARM.Collect$$$$00000004)
    .ARM.Collect$$$$00000008                 0x08000138   Section        0  entry7b.o(.ARM.Collect$$$$00000008)
    .ARM.Collect$$$$0000000A                 0x08000138   Section        0  entry8b.o(.ARM.Collect$$$$0000000A)
    .ARM.Collect$$$$0000000B                 0x08000138   Section        8  entry9a.o(.ARM.Collect$$$$0000000B)
    .ARM.Collect$$$$0000000E                 0x08000140   Section        4  entry12b.o(.ARM.Collect$$$$0000000E)
    .ARM.Collect$$$$0000000F                 0x08000144   Section        0  entry10a.o(.ARM.Collect$$$$0000000F)
    .ARM.Collect$$$$00000011                 0x08000144   Section        0  entry11a.o(.ARM.Collect$$$$00000011)
    .ARM.Collect$$$$00002712                 0x08000144   Section        4  entry2.o(.ARM.Collect$$$$00002712)
    __lit__00000000                          0x08000144   Data           4  entry2.o(.ARM.Collect$$$$00002712)
    .text                                    0x08000148   Section       36  startup_stm32f103xe.o(.text)
    .text                                    0x0800016c   Section        0  llushr.o(.text)
    .text                                    0x0800018c   Section        0  memcpya.o(.text)
    .text                                    0x080001b0   Section        0  memseta.o(.text)
    .text                                    0x080001d4   Section        0  strcat.o(.text)
    .text                                    0x080001ec   Section        0  strlen.o(.text)
    .text                                    0x080001fa   Section        0  uidiv.o(.text)
    .text                                    0x08000226   Section        0  uldiv.o(.text)
    .text                                    0x08000288   Section        0  iusefp.o(.text)
    .text                                    0x08000288   Section        0  dadd.o(.text)
    .text                                    0x080003d6   Section        0  dmul.o(.text)
    .text                                    0x080004ba   Section        0  ddiv.o(.text)
    .text                                    0x08000598   Section        0  dfixul.o(.text)
    .text                                    0x080005c8   Section       48  cdrcmple.o(.text)
    .text                                    0x080005f8   Section       36  init.o(.text)
    .text                                    0x0800061c   Section        0  llshl.o(.text)
    .text                                    0x0800063a   Section        0  llsshr.o(.text)
    .text                                    0x0800065e   Section        0  depilogue.o(.text)
    i.ADC1_2_IRQHandler                      0x08000718   Section        0  stm32f1xx_it.o(i.ADC1_2_IRQHandler)
    i.ADC_ConversionStop_Disable             0x08000724   Section        0  stm32f1xx_hal_adc.o(i.ADC_ConversionStop_Disable)
    i.BusFault_Handler                       0x0800077a   Section        0  stm32f1xx_it.o(i.BusFault_Handler)
    i.DMA1_Channel1_IRQHandler               0x0800077c   Section        0  stm32f1xx_it.o(i.DMA1_Channel1_IRQHandler)
    i.DebugMon_Handler                       0x08000788   Section        0  stm32f1xx_it.o(i.DebugMon_Handler)
    i.Debug_GetLevelString                   0x0800078c   Section        0  usart.o(i.Debug_GetLevelString)
    i.Debug_Init                             0x080007d8   Section        0  usart.o(i.Debug_Init)
    i.Debug_PrintGPIOStatus                  0x08000824   Section        0  usart.o(i.Debug_PrintGPIOStatus)
    i.Debug_PrintRelayStatus                 0x0800096c   Section        0  usart.o(i.Debug_PrintRelayStatus)
    i.Debug_PrintSystemInfo                  0x080009dc   Section        0  usart.o(i.Debug_PrintSystemInfo)
    i.Debug_Printf                           0x08000a94   Section        0  usart.o(i.Debug_Printf)
    i.EXTI15_10_IRQHandler                   0x08000b04   Section        0  stm32f1xx_it.o(i.EXTI15_10_IRQHandler)
    i.EXTI9_5_IRQHandler                     0x08000b22   Section        0  stm32f1xx_it.o(i.EXTI9_5_IRQHandler)
    i.Error_Handler                          0x08000b40   Section        0  main.o(i.Error_Handler)
    i.GPIO_ReadChannelEnable                 0x08000ba8   Section        0  gpio.o(i.GPIO_ReadChannelEnable)
    i.GPIO_ReadDCStatus                      0x08000bdc   Section        0  gpio.o(i.GPIO_ReadDCStatus)
    i.GPIO_ReadFanSensor                     0x08000be8   Section        0  gpio.o(i.GPIO_ReadFanSensor)
    i.GPIO_ReadRelayStatus                   0x08000bf8   Section        0  gpio.o(i.GPIO_ReadRelayStatus)
    i.GPIO_ReadSwitchStatus                  0x08000c40   Section        0  gpio.o(i.GPIO_ReadSwitchStatus)
    i.HAL_ADCEx_InjectedConvCpltCallback     0x08000c70   Section        0  stm32f1xx_hal_adc_ex.o(i.HAL_ADCEx_InjectedConvCpltCallback)
    i.HAL_ADC_ConfigChannel                  0x08000c74   Section        0  stm32f1xx_hal_adc.o(i.HAL_ADC_ConfigChannel)
    i.HAL_ADC_ConvCpltCallback               0x08000d70   Section        0  stm32f1xx_hal_adc.o(i.HAL_ADC_ConvCpltCallback)
    i.HAL_ADC_IRQHandler                     0x08000d72   Section        0  stm32f1xx_hal_adc.o(i.HAL_ADC_IRQHandler)
    i.HAL_ADC_Init                           0x08000e50   Section        0  stm32f1xx_hal_adc.o(i.HAL_ADC_Init)
    i.HAL_ADC_LevelOutOfWindowCallback       0x08000f70   Section        0  stm32f1xx_hal_adc.o(i.HAL_ADC_LevelOutOfWindowCallback)
    i.HAL_ADC_MspInit                        0x08000f74   Section        0  adc.o(i.HAL_ADC_MspInit)
    i.HAL_DMA_Abort                          0x08001010   Section        0  stm32f1xx_hal_dma.o(i.HAL_DMA_Abort)
    i.HAL_DMA_Abort_IT                       0x08001058   Section        0  stm32f1xx_hal_dma.o(i.HAL_DMA_Abort_IT)
    i.HAL_DMA_GetState                       0x08001188   Section        0  stm32f1xx_hal_dma.o(i.HAL_DMA_GetState)
    i.HAL_DMA_IRQHandler                     0x08001190   Section        0  stm32f1xx_hal_dma.o(i.HAL_DMA_IRQHandler)
    i.HAL_DMA_Init                           0x080013d8   Section        0  stm32f1xx_hal_dma.o(i.HAL_DMA_Init)
    i.HAL_Delay                              0x08001454   Section        0  stm32f1xx_hal.o(i.HAL_Delay)
    i.HAL_GPIO_EXTI_Callback                 0x08001478   Section        0  stm32f1xx_hal_gpio.o(i.HAL_GPIO_EXTI_Callback)
    i.HAL_GPIO_EXTI_IRQHandler               0x0800147c   Section        0  stm32f1xx_hal_gpio.o(i.HAL_GPIO_EXTI_IRQHandler)
    i.HAL_GPIO_Init                          0x08001494   Section        0  stm32f1xx_hal_gpio.o(i.HAL_GPIO_Init)
    i.HAL_GPIO_ReadPin                       0x0800168c   Section        0  stm32f1xx_hal_gpio.o(i.HAL_GPIO_ReadPin)
    i.HAL_GPIO_WritePin                      0x08001696   Section        0  stm32f1xx_hal_gpio.o(i.HAL_GPIO_WritePin)
    i.HAL_GetTick                            0x080016a0   Section        0  stm32f1xx_hal.o(i.HAL_GetTick)
    i.HAL_I2C_AbortCpltCallback              0x080016ac   Section        0  stm32f1xx_hal_i2c.o(i.HAL_I2C_AbortCpltCallback)
    i.HAL_I2C_AddrCallback                   0x080016ae   Section        0  stm32f1xx_hal_i2c.o(i.HAL_I2C_AddrCallback)
    i.HAL_I2C_ER_IRQHandler                  0x080016b0   Section        0  stm32f1xx_hal_i2c.o(i.HAL_I2C_ER_IRQHandler)
    i.HAL_I2C_EV_IRQHandler                  0x08001774   Section        0  stm32f1xx_hal_i2c.o(i.HAL_I2C_EV_IRQHandler)
    i.HAL_I2C_ErrorCallback                  0x080019a4   Section        0  stm32f1xx_hal_i2c.o(i.HAL_I2C_ErrorCallback)
    i.HAL_I2C_Init                           0x080019a8   Section        0  stm32f1xx_hal_i2c.o(i.HAL_I2C_Init)
    i.HAL_I2C_ListenCpltCallback             0x08001b30   Section        0  stm32f1xx_hal_i2c.o(i.HAL_I2C_ListenCpltCallback)
    i.HAL_I2C_MasterRxCpltCallback           0x08001b32   Section        0  stm32f1xx_hal_i2c.o(i.HAL_I2C_MasterRxCpltCallback)
    i.HAL_I2C_MasterTxCpltCallback           0x08001b34   Section        0  stm32f1xx_hal_i2c.o(i.HAL_I2C_MasterTxCpltCallback)
    i.HAL_I2C_MemRxCpltCallback              0x08001b36   Section        0  stm32f1xx_hal_i2c.o(i.HAL_I2C_MemRxCpltCallback)
    i.HAL_I2C_MemTxCpltCallback              0x08001b38   Section        0  stm32f1xx_hal_i2c.o(i.HAL_I2C_MemTxCpltCallback)
    i.HAL_I2C_MspInit                        0x08001b3c   Section        0  i2c.o(i.HAL_I2C_MspInit)
    i.HAL_I2C_SlaveRxCpltCallback            0x08001bb8   Section        0  stm32f1xx_hal_i2c.o(i.HAL_I2C_SlaveRxCpltCallback)
    i.HAL_I2C_SlaveTxCpltCallback            0x08001bba   Section        0  stm32f1xx_hal_i2c.o(i.HAL_I2C_SlaveTxCpltCallback)
    i.HAL_IWDG_Init                          0x08001bbc   Section        0  stm32f1xx_hal_iwdg.o(i.HAL_IWDG_Init)
    i.HAL_IWDG_Refresh                       0x08001c1a   Section        0  stm32f1xx_hal_iwdg.o(i.HAL_IWDG_Refresh)
    i.HAL_IncTick                            0x08001c28   Section        0  stm32f1xx_hal.o(i.HAL_IncTick)
    i.HAL_Init                               0x08001c38   Section        0  stm32f1xx_hal.o(i.HAL_Init)
    i.HAL_InitTick                           0x08001c5c   Section        0  stm32f1xx_hal.o(i.HAL_InitTick)
    i.HAL_MspInit                            0x08001c9c   Section        0  stm32f1xx_hal_msp.o(i.HAL_MspInit)
    i.HAL_NVIC_EnableIRQ                     0x08001ce8   Section        0  stm32f1xx_hal_cortex.o(i.HAL_NVIC_EnableIRQ)
    i.HAL_NVIC_SetPriority                   0x08001d04   Section        0  stm32f1xx_hal_cortex.o(i.HAL_NVIC_SetPriority)
    i.HAL_NVIC_SetPriorityGrouping           0x08001d44   Section        0  stm32f1xx_hal_cortex.o(i.HAL_NVIC_SetPriorityGrouping)
    i.HAL_PWR_PVDCallback                    0x08001d68   Section        0  stm32f1xx_hal_pwr.o(i.HAL_PWR_PVDCallback)
    i.HAL_PWR_PVD_IRQHandler                 0x08001d6c   Section        0  stm32f1xx_hal_pwr.o(i.HAL_PWR_PVD_IRQHandler)
    i.HAL_RCCEx_PeriphCLKConfig              0x08001d88   Section        0  stm32f1xx_hal_rcc_ex.o(i.HAL_RCCEx_PeriphCLKConfig)
    i.HAL_RCC_ClockConfig                    0x08001e74   Section        0  stm32f1xx_hal_rcc.o(i.HAL_RCC_ClockConfig)
    i.HAL_RCC_GetPCLK1Freq                   0x08001fa0   Section        0  stm32f1xx_hal_rcc.o(i.HAL_RCC_GetPCLK1Freq)
    i.HAL_RCC_GetPCLK2Freq                   0x08001fc0   Section        0  stm32f1xx_hal_rcc.o(i.HAL_RCC_GetPCLK2Freq)
    i.HAL_RCC_GetSysClockFreq                0x08001fe0   Section        0  stm32f1xx_hal_rcc.o(i.HAL_RCC_GetSysClockFreq)
    i.HAL_RCC_OscConfig                      0x0800202c   Section        0  stm32f1xx_hal_rcc.o(i.HAL_RCC_OscConfig)
    i.HAL_SPI_ErrorCallback                  0x0800234c   Section        0  stm32f1xx_hal_spi.o(i.HAL_SPI_ErrorCallback)
    i.HAL_SPI_IRQHandler                     0x08002350   Section        0  stm32f1xx_hal_spi.o(i.HAL_SPI_IRQHandler)
    i.HAL_SPI_Init                           0x08002430   Section        0  stm32f1xx_hal_spi.o(i.HAL_SPI_Init)
    i.HAL_SPI_MspInit                        0x080024e4   Section        0  spi.o(i.HAL_SPI_MspInit)
    i.HAL_SYSTICK_Config                     0x08002568   Section        0  stm32f1xx_hal_cortex.o(i.HAL_SYSTICK_Config)
    i.HAL_TIMEx_BreakCallback                0x08002590   Section        0  stm32f1xx_hal_tim_ex.o(i.HAL_TIMEx_BreakCallback)
    i.HAL_TIMEx_CommutCallback               0x08002592   Section        0  stm32f1xx_hal_tim_ex.o(i.HAL_TIMEx_CommutCallback)
    i.HAL_TIMEx_MasterConfigSynchronization  0x08002594   Section        0  stm32f1xx_hal_tim_ex.o(i.HAL_TIMEx_MasterConfigSynchronization)
    i.HAL_TIM_Base_Init                      0x08002610   Section        0  stm32f1xx_hal_tim.o(i.HAL_TIM_Base_Init)
    i.HAL_TIM_Base_MspInit                   0x0800266c   Section        0  tim.o(i.HAL_TIM_Base_MspInit)
    i.HAL_TIM_ConfigClockSource              0x080026a8   Section        0  stm32f1xx_hal_tim.o(i.HAL_TIM_ConfigClockSource)
    i.HAL_TIM_IC_CaptureCallback             0x08002784   Section        0  stm32f1xx_hal_tim.o(i.HAL_TIM_IC_CaptureCallback)
    i.HAL_TIM_IRQHandler                     0x08002786   Section        0  stm32f1xx_hal_tim.o(i.HAL_TIM_IRQHandler)
    i.HAL_TIM_MspPostInit                    0x080028b8   Section        0  tim.o(i.HAL_TIM_MspPostInit)
    i.HAL_TIM_OC_DelayElapsedCallback        0x08002904   Section        0  stm32f1xx_hal_tim.o(i.HAL_TIM_OC_DelayElapsedCallback)
    i.HAL_TIM_PWM_ConfigChannel              0x08002906   Section        0  stm32f1xx_hal_tim.o(i.HAL_TIM_PWM_ConfigChannel)
    i.HAL_TIM_PWM_Init                       0x080029d2   Section        0  stm32f1xx_hal_tim.o(i.HAL_TIM_PWM_Init)
    i.HAL_TIM_PWM_MspInit                    0x08002a2c   Section        0  stm32f1xx_hal_tim.o(i.HAL_TIM_PWM_MspInit)
    i.HAL_TIM_PWM_PulseFinishedCallback      0x08002a2e   Section        0  stm32f1xx_hal_tim.o(i.HAL_TIM_PWM_PulseFinishedCallback)
    i.HAL_TIM_PeriodElapsedCallback          0x08002a30   Section        0  stm32f1xx_hal_tim.o(i.HAL_TIM_PeriodElapsedCallback)
    i.HAL_TIM_TriggerCallback                0x08002a32   Section        0  stm32f1xx_hal_tim.o(i.HAL_TIM_TriggerCallback)
    i.HAL_UARTEx_RxEventCallback             0x08002a34   Section        0  stm32f1xx_hal_uart.o(i.HAL_UARTEx_RxEventCallback)
    i.HAL_UART_ErrorCallback                 0x08002a36   Section        0  stm32f1xx_hal_uart.o(i.HAL_UART_ErrorCallback)
    i.HAL_UART_IRQHandler                    0x08002a38   Section        0  stm32f1xx_hal_uart.o(i.HAL_UART_IRQHandler)
    i.HAL_UART_Init                          0x08002ca4   Section        0  stm32f1xx_hal_uart.o(i.HAL_UART_Init)
    i.HAL_UART_MspInit                       0x08002d08   Section        0  usart.o(i.HAL_UART_MspInit)
    i.HAL_UART_RxCpltCallback                0x08002df8   Section        0  stm32f1xx_hal_uart.o(i.HAL_UART_RxCpltCallback)
    i.HAL_UART_Transmit                      0x08002dfa   Section        0  stm32f1xx_hal_uart.o(i.HAL_UART_Transmit)
    i.HAL_UART_TxCpltCallback                0x08002e9a   Section        0  stm32f1xx_hal_uart.o(i.HAL_UART_TxCpltCallback)
    i.HardFault_Handler                      0x08002e9c   Section        0  stm32f1xx_it.o(i.HardFault_Handler)
    i.I2C1_ER_IRQHandler                     0x08002ea0   Section        0  stm32f1xx_it.o(i.I2C1_ER_IRQHandler)
    i.I2C1_EV_IRQHandler                     0x08002eac   Section        0  stm32f1xx_it.o(i.I2C1_EV_IRQHandler)
    i.I2C_DMAAbort                           0x08002eb8   Section        0  stm32f1xx_hal_i2c.o(i.I2C_DMAAbort)
    I2C_DMAAbort                             0x08002eb9   Thumb Code   182  stm32f1xx_hal_i2c.o(i.I2C_DMAAbort)
    i.I2C_Flush_DR                           0x08002f74   Section        0  stm32f1xx_hal_i2c.o(i.I2C_Flush_DR)
    I2C_Flush_DR                             0x08002f75   Thumb Code    16  stm32f1xx_hal_i2c.o(i.I2C_Flush_DR)
    i.I2C_ITError                            0x08002f84   Section        0  stm32f1xx_hal_i2c.o(i.I2C_ITError)
    I2C_ITError                              0x08002f85   Thumb Code   336  stm32f1xx_hal_i2c.o(i.I2C_ITError)
    i.I2C_MasterReceive_BTF                  0x080030dc   Section        0  stm32f1xx_hal_i2c.o(i.I2C_MasterReceive_BTF)
    I2C_MasterReceive_BTF                    0x080030dd   Thumb Code   218  stm32f1xx_hal_i2c.o(i.I2C_MasterReceive_BTF)
    i.I2C_MasterReceive_RXNE                 0x080031b8   Section        0  stm32f1xx_hal_i2c.o(i.I2C_MasterReceive_RXNE)
    I2C_MasterReceive_RXNE                   0x080031b9   Thumb Code   238  stm32f1xx_hal_i2c.o(i.I2C_MasterReceive_RXNE)
    i.I2C_MasterTransmit_BTF                 0x080032ac   Section        0  stm32f1xx_hal_i2c.o(i.I2C_MasterTransmit_BTF)
    I2C_MasterTransmit_BTF                   0x080032ad   Thumb Code   130  stm32f1xx_hal_i2c.o(i.I2C_MasterTransmit_BTF)
    i.I2C_MasterTransmit_TXE                 0x08003330   Section        0  stm32f1xx_hal_i2c.o(i.I2C_MasterTransmit_TXE)
    I2C_MasterTransmit_TXE                   0x08003331   Thumb Code   182  stm32f1xx_hal_i2c.o(i.I2C_MasterTransmit_TXE)
    i.I2C_Master_ADDR                        0x080033e8   Section        0  stm32f1xx_hal_i2c.o(i.I2C_Master_ADDR)
    I2C_Master_ADDR                          0x080033e9   Thumb Code   340  stm32f1xx_hal_i2c.o(i.I2C_Master_ADDR)
    i.I2C_Master_SB                          0x08003540   Section        0  stm32f1xx_hal_i2c.o(i.I2C_Master_SB)
    I2C_Master_SB                            0x08003541   Thumb Code   140  stm32f1xx_hal_i2c.o(i.I2C_Master_SB)
    i.I2C_MemoryTransmit_TXE_BTF             0x080035cc   Section        0  stm32f1xx_hal_i2c.o(i.I2C_MemoryTransmit_TXE_BTF)
    I2C_MemoryTransmit_TXE_BTF               0x080035cd   Thumb Code   168  stm32f1xx_hal_i2c.o(i.I2C_MemoryTransmit_TXE_BTF)
    i.I2C_Slave_ADDR                         0x08003674   Section        0  stm32f1xx_hal_i2c.o(i.I2C_Slave_ADDR)
    I2C_Slave_ADDR                           0x08003675   Thumb Code    70  stm32f1xx_hal_i2c.o(i.I2C_Slave_ADDR)
    i.I2C_Slave_AF                           0x080036bc   Section        0  stm32f1xx_hal_i2c.o(i.I2C_Slave_AF)
    I2C_Slave_AF                             0x080036bd   Thumb Code   138  stm32f1xx_hal_i2c.o(i.I2C_Slave_AF)
    i.I2C_Slave_STOPF                        0x0800374c   Section        0  stm32f1xx_hal_i2c.o(i.I2C_Slave_STOPF)
    I2C_Slave_STOPF                          0x0800374d   Thumb Code   338  stm32f1xx_hal_i2c.o(i.I2C_Slave_STOPF)
    i.MX_ADC1_Init                           0x080038a8   Section        0  adc.o(i.MX_ADC1_Init)
    i.MX_DMA_Init                            0x08003920   Section        0  dma.o(i.MX_DMA_Init)
    i.MX_GPIO_Init                           0x0800394c   Section        0  gpio.o(i.MX_GPIO_Init)
    i.MX_I2C1_Init                           0x08003b28   Section        0  i2c.o(i.MX_I2C1_Init)
    i.MX_IWDG_Init                           0x08003b68   Section        0  iwdg.o(i.MX_IWDG_Init)
    i.MX_SPI2_Init                           0x08003b94   Section        0  spi.o(i.MX_SPI2_Init)
    i.MX_TIM3_Init                           0x08003bdc   Section        0  tim.o(i.MX_TIM3_Init)
    i.MX_USART1_UART_Init                    0x08003c78   Section        0  usart.o(i.MX_USART1_UART_Init)
    i.MX_USART3_UART_Init                    0x08003cb0   Section        0  usart.o(i.MX_USART3_UART_Init)
    i.MemManage_Handler                      0x08003ce8   Section        0  stm32f1xx_it.o(i.MemManage_Handler)
    i.NMI_Handler                            0x08003cea   Section        0  stm32f1xx_it.o(i.NMI_Handler)
    i.PVD_IRQHandler                         0x08003cec   Section        0  stm32f1xx_it.o(i.PVD_IRQHandler)
    i.PendSV_Handler                         0x08003cf0   Section        0  stm32f1xx_it.o(i.PendSV_Handler)
    i.SPI2_IRQHandler                        0x08003cf4   Section        0  stm32f1xx_it.o(i.SPI2_IRQHandler)
    i.SPI_DMAAbortOnError                    0x08003d00   Section        0  stm32f1xx_hal_spi.o(i.SPI_DMAAbortOnError)
    SPI_DMAAbortOnError                      0x08003d01   Thumb Code    16  stm32f1xx_hal_spi.o(i.SPI_DMAAbortOnError)
    i.SVC_Handler                            0x08003d10   Section        0  stm32f1xx_it.o(i.SVC_Handler)
    i.SysTick_Handler                        0x08003d12   Section        0  stm32f1xx_it.o(i.SysTick_Handler)
    i.SystemClock_Config                     0x08003d16   Section        0  main.o(i.SystemClock_Config)
    i.SystemInit                             0x08003d8a   Section        0  system_stm32f1xx.o(i.SystemInit)
    i.TIM3_IRQHandler                        0x08003d8c   Section        0  stm32f1xx_it.o(i.TIM3_IRQHandler)
    i.TIM_Base_SetConfig                     0x08003d98   Section        0  stm32f1xx_hal_tim.o(i.TIM_Base_SetConfig)
    i.TIM_ETR_SetConfig                      0x08003e34   Section        0  stm32f1xx_hal_tim.o(i.TIM_ETR_SetConfig)
    i.TIM_ITRx_SetConfig                     0x08003e48   Section        0  stm32f1xx_hal_tim.o(i.TIM_ITRx_SetConfig)
    TIM_ITRx_SetConfig                       0x08003e49   Thumb Code    16  stm32f1xx_hal_tim.o(i.TIM_ITRx_SetConfig)
    i.TIM_OC1_SetConfig                      0x08003e58   Section        0  stm32f1xx_hal_tim.o(i.TIM_OC1_SetConfig)
    TIM_OC1_SetConfig                        0x08003e59   Thumb Code    88  stm32f1xx_hal_tim.o(i.TIM_OC1_SetConfig)
    i.TIM_OC2_SetConfig                      0x08003eb8   Section        0  stm32f1xx_hal_tim.o(i.TIM_OC2_SetConfig)
    i.TIM_OC3_SetConfig                      0x08003f24   Section        0  stm32f1xx_hal_tim.o(i.TIM_OC3_SetConfig)
    TIM_OC3_SetConfig                        0x08003f25   Thumb Code    96  stm32f1xx_hal_tim.o(i.TIM_OC3_SetConfig)
    i.TIM_OC4_SetConfig                      0x08003f8c   Section        0  stm32f1xx_hal_tim.o(i.TIM_OC4_SetConfig)
    TIM_OC4_SetConfig                        0x08003f8d   Thumb Code    70  stm32f1xx_hal_tim.o(i.TIM_OC4_SetConfig)
    i.TIM_TI1_ConfigInputStage               0x08003fdc   Section        0  stm32f1xx_hal_tim.o(i.TIM_TI1_ConfigInputStage)
    TIM_TI1_ConfigInputStage                 0x08003fdd   Thumb Code    34  stm32f1xx_hal_tim.o(i.TIM_TI1_ConfigInputStage)
    i.TIM_TI2_ConfigInputStage               0x08003ffe   Section        0  stm32f1xx_hal_tim.o(i.TIM_TI2_ConfigInputStage)
    TIM_TI2_ConfigInputStage                 0x08003fff   Thumb Code    36  stm32f1xx_hal_tim.o(i.TIM_TI2_ConfigInputStage)
    i.UART_DMAAbortOnError                   0x08004022   Section        0  stm32f1xx_hal_uart.o(i.UART_DMAAbortOnError)
    UART_DMAAbortOnError                     0x08004023   Thumb Code    16  stm32f1xx_hal_uart.o(i.UART_DMAAbortOnError)
    i.UART_EndRxTransfer                     0x08004032   Section        0  stm32f1xx_hal_uart.o(i.UART_EndRxTransfer)
    UART_EndRxTransfer                       0x08004033   Thumb Code    78  stm32f1xx_hal_uart.o(i.UART_EndRxTransfer)
    i.UART_Receive_IT                        0x08004080   Section        0  stm32f1xx_hal_uart.o(i.UART_Receive_IT)
    UART_Receive_IT                          0x08004081   Thumb Code   194  stm32f1xx_hal_uart.o(i.UART_Receive_IT)
    i.UART_SetConfig                         0x08004144   Section        0  stm32f1xx_hal_uart.o(i.UART_SetConfig)
    UART_SetConfig                           0x08004145   Thumb Code   178  stm32f1xx_hal_uart.o(i.UART_SetConfig)
    i.UART_WaitOnFlagUntilTimeout            0x080041fc   Section        0  stm32f1xx_hal_uart.o(i.UART_WaitOnFlagUntilTimeout)
    UART_WaitOnFlagUntilTimeout              0x080041fd   Thumb Code   114  stm32f1xx_hal_uart.o(i.UART_WaitOnFlagUntilTimeout)
    i.USART1_IRQHandler                      0x08004270   Section        0  stm32f1xx_it.o(i.USART1_IRQHandler)
    i.USART3_IRQHandler                      0x0800427c   Section        0  stm32f1xx_it.o(i.USART3_IRQHandler)
    i.USART_SendString                       0x08004288   Section        0  usart.o(i.USART_SendString)
    i.UsageFault_Handler                     0x080042a6   Section        0  stm32f1xx_it.o(i.UsageFault_Handler)
    i.__0snprintf                            0x080042a8   Section        0  printfa.o(i.__0snprintf)
    i.__0vsnprintf                           0x080042dc   Section        0  printfa.o(i.__0vsnprintf)
    i.__NVIC_SetPriority                     0x08004310   Section        0  stm32f1xx_hal_cortex.o(i.__NVIC_SetPriority)
    __NVIC_SetPriority                       0x08004311   Thumb Code    32  stm32f1xx_hal_cortex.o(i.__NVIC_SetPriority)
    i.__scatterload_copy                     0x08004330   Section       14  handlers.o(i.__scatterload_copy)
    i.__scatterload_null                     0x0800433e   Section        2  handlers.o(i.__scatterload_null)
    i.__scatterload_zeroinit                 0x08004340   Section       14  handlers.o(i.__scatterload_zeroinit)
    i._fp_digits                             0x08004350   Section        0  printfa.o(i._fp_digits)
    _fp_digits                               0x08004351   Thumb Code   366  printfa.o(i._fp_digits)
    i._printf_core                           0x080044d4   Section        0  printfa.o(i._printf_core)
    _printf_core                             0x080044d5   Thumb Code  1704  printfa.o(i._printf_core)
    i._printf_post_padding                   0x08004b88   Section        0  printfa.o(i._printf_post_padding)
    _printf_post_padding                     0x08004b89   Thumb Code    36  printfa.o(i._printf_post_padding)
    i._printf_pre_padding                    0x08004bac   Section        0  printfa.o(i._printf_pre_padding)
    _printf_pre_padding                      0x08004bad   Thumb Code    46  printfa.o(i._printf_pre_padding)
    i._snputc                                0x08004bda   Section        0  printfa.o(i._snputc)
    _snputc                                  0x08004bdb   Thumb Code    22  printfa.o(i._snputc)
    i.main                                   0x08004bf0   Section        0  main.o(i.main)
    .constdata                               0x08004d50   Section       24  usart.o(.constdata)
    .constdata                               0x08004d68   Section       18  stm32f1xx_hal_rcc.o(.constdata)
    aPredivFactorTable                       0x08004d68   Data           2  stm32f1xx_hal_rcc.o(.constdata)
    aPLLMULFactorTable                       0x08004d6a   Data          16  stm32f1xx_hal_rcc.o(.constdata)
    .constdata                               0x08004d7a   Section       16  system_stm32f1xx.o(.constdata)
    .constdata                               0x08004d8a   Section        8  system_stm32f1xx.o(.constdata)
    .conststring                             0x08004d94   Section      115  usart.o(.conststring)
    .data                                    0x20000000   Section        8  main.o(.data)
    debug_test_counter                       0x20000000   Data           4  main.o(.data)
    last_wdt_time                            0x20000004   Data           4  main.o(.data)
    .data                                    0x20000008   Section        1  usart.o(.data)
    debug_initialized                        0x20000008   Data           1  usart.o(.data)
    .data                                    0x2000000c   Section       12  stm32f1xx_hal.o(.data)
    .data                                    0x20000018   Section        4  system_stm32f1xx.o(.data)
    .bss                                     0x2000001c   Section      116  adc.o(.bss)
    .bss                                     0x20000090   Section       84  i2c.o(.bss)
    .bss                                     0x200000e4   Section       12  iwdg.o(.bss)
    .bss                                     0x200000f0   Section       88  spi.o(.bss)
    .bss                                     0x20000148   Section       72  tim.o(.bss)
    .bss                                     0x20000190   Section      400  usart.o(.bss)
    debug_buffer                             0x20000190   Data         256  usart.o(.bss)
    STACK                                    0x20000320   Section     1024  startup_stm32f103xe.o(STACK)

    Global Symbols

    Symbol Name                              Value     Ov Type        Size  Object(Section)

    BuildAttributes$$THM_ISAv4$P$D$K$B$S$PE$A:L22UL41UL21$X:L11$S22US41US21$IEEE1$IW$USESV6$~STKCKD$USESV7$~SHL$OSPACE$ROPI$EBA8$MICROLIB$REQ8$PRES8$EABIv2 0x00000000   Number         0  anon$$obj.o ABSOLUTE
    __ARM_use_no_argv                        0x00000000   Number         0  main.o ABSOLUTE
    _printf_a                                0x00000000   Number         0  stubs.o ABSOLUTE
    _printf_c                                0x00000000   Number         0  stubs.o ABSOLUTE
    _printf_charcount                        0x00000000   Number         0  stubs.o ABSOLUTE
    _printf_d                                0x00000000   Number         0  stubs.o ABSOLUTE
    _printf_e                                0x00000000   Number         0  stubs.o ABSOLUTE
    _printf_f                                0x00000000   Number         0  stubs.o ABSOLUTE
    _printf_flags                            0x00000000   Number         0  stubs.o ABSOLUTE
    _printf_fp_dec                           0x00000000   Number         0  stubs.o ABSOLUTE
    _printf_fp_hex                           0x00000000   Number         0  stubs.o ABSOLUTE
    _printf_g                                0x00000000   Number         0  stubs.o ABSOLUTE
    _printf_i                                0x00000000   Number         0  stubs.o ABSOLUTE
    _printf_int_dec                          0x00000000   Number         0  stubs.o ABSOLUTE
    _printf_l                                0x00000000   Number         0  stubs.o ABSOLUTE
    _printf_lc                               0x00000000   Number         0  stubs.o ABSOLUTE
    _printf_ll                               0x00000000   Number         0  stubs.o ABSOLUTE
    _printf_lld                              0x00000000   Number         0  stubs.o ABSOLUTE
    _printf_lli                              0x00000000   Number         0  stubs.o ABSOLUTE
    _printf_llo                              0x00000000   Number         0  stubs.o ABSOLUTE
    _printf_llu                              0x00000000   Number         0  stubs.o ABSOLUTE
    _printf_llx                              0x00000000   Number         0  stubs.o ABSOLUTE
    _printf_longlong_dec                     0x00000000   Number         0  stubs.o ABSOLUTE
    _printf_longlong_hex                     0x00000000   Number         0  stubs.o ABSOLUTE
    _printf_longlong_oct                     0x00000000   Number         0  stubs.o ABSOLUTE
    _printf_ls                               0x00000000   Number         0  stubs.o ABSOLUTE
    _printf_mbtowc                           0x00000000   Number         0  stubs.o ABSOLUTE
    _printf_n                                0x00000000   Number         0  stubs.o ABSOLUTE
    _printf_o                                0x00000000   Number         0  stubs.o ABSOLUTE
    _printf_p                                0x00000000   Number         0  stubs.o ABSOLUTE
    _printf_percent                          0x00000000   Number         0  stubs.o ABSOLUTE
    _printf_pre_padding                      0x00000000   Number         0  stubs.o ABSOLUTE
    _printf_return_value                     0x00000000   Number         0  stubs.o ABSOLUTE
    _printf_s                                0x00000000   Number         0  stubs.o ABSOLUTE
    _printf_sizespec                         0x00000000   Number         0  stubs.o ABSOLUTE
    _printf_str                              0x00000000   Number         0  stubs.o ABSOLUTE
    _printf_truncate_signed                  0x00000000   Number         0  stubs.o ABSOLUTE
    _printf_truncate_unsigned                0x00000000   Number         0  stubs.o ABSOLUTE
    _printf_u                                0x00000000   Number         0  stubs.o ABSOLUTE
    _printf_wc                               0x00000000   Number         0  stubs.o ABSOLUTE
    _printf_wctomb                           0x00000000   Number         0  stubs.o ABSOLUTE
    _printf_widthprec                        0x00000000   Number         0  stubs.o ABSOLUTE
    _printf_x                                0x00000000   Number         0  stubs.o ABSOLUTE
    __arm_fini_                               - Undefined Weak Reference
    __cpp_initialize__aeabi_                  - Undefined Weak Reference
    __cxa_finalize                            - Undefined Weak Reference
    __decompress                              - Undefined Weak Reference
    _clock_init                               - Undefined Weak Reference
    _microlib_exit                            - Undefined Weak Reference
    __Vectors_Size                           0x00000130   Number         0  startup_stm32f103xe.o ABSOLUTE
    __Vectors                                0x08000000   Data           4  startup_stm32f103xe.o(RESET)
    __Vectors_End                            0x08000130   Data           0  startup_stm32f103xe.o(RESET)
    __main                                   0x08000131   Thumb Code     0  entry.o(.ARM.Collect$$$$00000000)
    _main_stk                                0x08000131   Thumb Code     0  entry2.o(.ARM.Collect$$$$00000001)
    _main_scatterload                        0x08000135   Thumb Code     0  entry5.o(.ARM.Collect$$$$00000004)
    __main_after_scatterload                 0x08000139   Thumb Code     0  entry5.o(.ARM.Collect$$$$00000004)
    _main_clock                              0x08000139   Thumb Code     0  entry7b.o(.ARM.Collect$$$$00000008)
    _main_cpp_init                           0x08000139   Thumb Code     0  entry8b.o(.ARM.Collect$$$$0000000A)
    _main_init                               0x08000139   Thumb Code     0  entry9a.o(.ARM.Collect$$$$0000000B)
    __rt_lib_shutdown_fini                   0x08000141   Thumb Code     0  entry12b.o(.ARM.Collect$$$$0000000E)
    __rt_final_cpp                           0x08000145   Thumb Code     0  entry10a.o(.ARM.Collect$$$$0000000F)
    __rt_final_exit                          0x08000145   Thumb Code     0  entry11a.o(.ARM.Collect$$$$00000011)
    Reset_Handler                            0x08000149   Thumb Code     8  startup_stm32f103xe.o(.text)
    ADC3_IRQHandler                          0x08000163   Thumb Code     0  startup_stm32f103xe.o(.text)
    CAN1_RX1_IRQHandler                      0x08000163   Thumb Code     0  startup_stm32f103xe.o(.text)
    CAN1_SCE_IRQHandler                      0x08000163   Thumb Code     0  startup_stm32f103xe.o(.text)
    DMA1_Channel2_IRQHandler                 0x08000163   Thumb Code     0  startup_stm32f103xe.o(.text)
    DMA1_Channel3_IRQHandler                 0x08000163   Thumb Code     0  startup_stm32f103xe.o(.text)
    DMA1_Channel4_IRQHandler                 0x08000163   Thumb Code     0  startup_stm32f103xe.o(.text)
    DMA1_Channel5_IRQHandler                 0x08000163   Thumb Code     0  startup_stm32f103xe.o(.text)
    DMA1_Channel6_IRQHandler                 0x08000163   Thumb Code     0  startup_stm32f103xe.o(.text)
    DMA1_Channel7_IRQHandler                 0x08000163   Thumb Code     0  startup_stm32f103xe.o(.text)
    DMA2_Channel1_IRQHandler                 0x08000163   Thumb Code     0  startup_stm32f103xe.o(.text)
    DMA2_Channel2_IRQHandler                 0x08000163   Thumb Code     0  startup_stm32f103xe.o(.text)
    DMA2_Channel3_IRQHandler                 0x08000163   Thumb Code     0  startup_stm32f103xe.o(.text)
    DMA2_Channel4_5_IRQHandler               0x08000163   Thumb Code     0  startup_stm32f103xe.o(.text)
    EXTI0_IRQHandler                         0x08000163   Thumb Code     0  startup_stm32f103xe.o(.text)
    EXTI1_IRQHandler                         0x08000163   Thumb Code     0  startup_stm32f103xe.o(.text)
    EXTI2_IRQHandler                         0x08000163   Thumb Code     0  startup_stm32f103xe.o(.text)
    EXTI3_IRQHandler                         0x08000163   Thumb Code     0  startup_stm32f103xe.o(.text)
    EXTI4_IRQHandler                         0x08000163   Thumb Code     0  startup_stm32f103xe.o(.text)
    FLASH_IRQHandler                         0x08000163   Thumb Code     0  startup_stm32f103xe.o(.text)
    FSMC_IRQHandler                          0x08000163   Thumb Code     0  startup_stm32f103xe.o(.text)
    I2C2_ER_IRQHandler                       0x08000163   Thumb Code     0  startup_stm32f103xe.o(.text)
    I2C2_EV_IRQHandler                       0x08000163   Thumb Code     0  startup_stm32f103xe.o(.text)
    RCC_IRQHandler                           0x08000163   Thumb Code     0  startup_stm32f103xe.o(.text)
    RTC_Alarm_IRQHandler                     0x08000163   Thumb Code     0  startup_stm32f103xe.o(.text)
    RTC_IRQHandler                           0x08000163   Thumb Code     0  startup_stm32f103xe.o(.text)
    SDIO_IRQHandler                          0x08000163   Thumb Code     0  startup_stm32f103xe.o(.text)
    SPI1_IRQHandler                          0x08000163   Thumb Code     0  startup_stm32f103xe.o(.text)
    SPI3_IRQHandler                          0x08000163   Thumb Code     0  startup_stm32f103xe.o(.text)
    TAMPER_IRQHandler                        0x08000163   Thumb Code     0  startup_stm32f103xe.o(.text)
    TIM1_BRK_IRQHandler                      0x08000163   Thumb Code     0  startup_stm32f103xe.o(.text)
    TIM1_CC_IRQHandler                       0x08000163   Thumb Code     0  startup_stm32f103xe.o(.text)
    TIM1_TRG_COM_IRQHandler                  0x08000163   Thumb Code     0  startup_stm32f103xe.o(.text)
    TIM1_UP_IRQHandler                       0x08000163   Thumb Code     0  startup_stm32f103xe.o(.text)
    TIM2_IRQHandler                          0x08000163   Thumb Code     0  startup_stm32f103xe.o(.text)
    TIM4_IRQHandler                          0x08000163   Thumb Code     0  startup_stm32f103xe.o(.text)
    TIM5_IRQHandler                          0x08000163   Thumb Code     0  startup_stm32f103xe.o(.text)
    TIM6_IRQHandler                          0x08000163   Thumb Code     0  startup_stm32f103xe.o(.text)
    TIM7_IRQHandler                          0x08000163   Thumb Code     0  startup_stm32f103xe.o(.text)
    TIM8_BRK_IRQHandler                      0x08000163   Thumb Code     0  startup_stm32f103xe.o(.text)
    TIM8_CC_IRQHandler                       0x08000163   Thumb Code     0  startup_stm32f103xe.o(.text)
    TIM8_TRG_COM_IRQHandler                  0x08000163   Thumb Code     0  startup_stm32f103xe.o(.text)
    TIM8_UP_IRQHandler                       0x08000163   Thumb Code     0  startup_stm32f103xe.o(.text)
    UART4_IRQHandler                         0x08000163   Thumb Code     0  startup_stm32f103xe.o(.text)
    UART5_IRQHandler                         0x08000163   Thumb Code     0  startup_stm32f103xe.o(.text)
    USART2_IRQHandler                        0x08000163   Thumb Code     0  startup_stm32f103xe.o(.text)
    USBWakeUp_IRQHandler                     0x08000163   Thumb Code     0  startup_stm32f103xe.o(.text)
    USB_HP_CAN1_TX_IRQHandler                0x08000163   Thumb Code     0  startup_stm32f103xe.o(.text)
    USB_LP_CAN1_RX0_IRQHandler               0x08000163   Thumb Code     0  startup_stm32f103xe.o(.text)
    WWDG_IRQHandler                          0x08000163   Thumb Code     0  startup_stm32f103xe.o(.text)
    __aeabi_llsr                             0x0800016d   Thumb Code    32  llushr.o(.text)
    _ll_ushift_r                             0x0800016d   Thumb Code     0  llushr.o(.text)
    __aeabi_memcpy                           0x0800018d   Thumb Code    36  memcpya.o(.text)
    __aeabi_memcpy4                          0x0800018d   Thumb Code     0  memcpya.o(.text)
    __aeabi_memcpy8                          0x0800018d   Thumb Code     0  memcpya.o(.text)
    __aeabi_memset                           0x080001b1   Thumb Code    14  memseta.o(.text)
    __aeabi_memset4                          0x080001b1   Thumb Code     0  memseta.o(.text)
    __aeabi_memset8                          0x080001b1   Thumb Code     0  memseta.o(.text)
    __aeabi_memclr                           0x080001bf   Thumb Code     4  memseta.o(.text)
    __aeabi_memclr4                          0x080001bf   Thumb Code     0  memseta.o(.text)
    __aeabi_memclr8                          0x080001bf   Thumb Code     0  memseta.o(.text)
    _memset$wrapper                          0x080001c3   Thumb Code    18  memseta.o(.text)
    strcat                                   0x080001d5   Thumb Code    24  strcat.o(.text)
    strlen                                   0x080001ed   Thumb Code    14  strlen.o(.text)
    __aeabi_uidiv                            0x080001fb   Thumb Code     0  uidiv.o(.text)
    __aeabi_uidivmod                         0x080001fb   Thumb Code    44  uidiv.o(.text)
    __aeabi_uldivmod                         0x08000227   Thumb Code    98  uldiv.o(.text)
    __I$use$fp                               0x08000289   Thumb Code     0  iusefp.o(.text)
    __aeabi_dadd                             0x08000289   Thumb Code   322  dadd.o(.text)
    __aeabi_dsub                             0x080003cb   Thumb Code     6  dadd.o(.text)
    __aeabi_drsub                            0x080003d1   Thumb Code     6  dadd.o(.text)
    __aeabi_dmul                             0x080003d7   Thumb Code   228  dmul.o(.text)
    __aeabi_ddiv                             0x080004bb   Thumb Code   222  ddiv.o(.text)
    __aeabi_d2ulz                            0x08000599   Thumb Code    48  dfixul.o(.text)
    __aeabi_cdrcmple                         0x080005c9   Thumb Code    48  cdrcmple.o(.text)
    __scatterload                            0x080005f9   Thumb Code    28  init.o(.text)
    __scatterload_rt2                        0x080005f9   Thumb Code     0  init.o(.text)
    __aeabi_llsl                             0x0800061d   Thumb Code    30  llshl.o(.text)
    _ll_shift_l                              0x0800061d   Thumb Code     0  llshl.o(.text)
    __aeabi_lasr                             0x0800063b   Thumb Code    36  llsshr.o(.text)
    _ll_sshift_r                             0x0800063b   Thumb Code     0  llsshr.o(.text)
    _double_round                            0x0800065f   Thumb Code    30  depilogue.o(.text)
    _double_epilogue                         0x0800067d   Thumb Code   156  depilogue.o(.text)
    ADC1_2_IRQHandler                        0x08000719   Thumb Code     6  stm32f1xx_it.o(i.ADC1_2_IRQHandler)
    ADC_ConversionStop_Disable               0x08000725   Thumb Code    86  stm32f1xx_hal_adc.o(i.ADC_ConversionStop_Disable)
    BusFault_Handler                         0x0800077b   Thumb Code     2  stm32f1xx_it.o(i.BusFault_Handler)
    DMA1_Channel1_IRQHandler                 0x0800077d   Thumb Code     6  stm32f1xx_it.o(i.DMA1_Channel1_IRQHandler)
    DebugMon_Handler                         0x08000789   Thumb Code     2  stm32f1xx_it.o(i.DebugMon_Handler)
    Debug_GetLevelString                     0x0800078d   Thumb Code    34  usart.o(i.Debug_GetLevelString)
    Debug_Init                               0x080007d9   Thumb Code    24  usart.o(i.Debug_Init)
    Debug_PrintGPIOStatus                    0x08000825   Thumb Code   180  usart.o(i.Debug_PrintGPIOStatus)
    Debug_PrintRelayStatus                   0x0800096d   Thumb Code    64  usart.o(i.Debug_PrintRelayStatus)
    Debug_PrintSystemInfo                    0x080009dd   Thumb Code    60  usart.o(i.Debug_PrintSystemInfo)
    Debug_Printf                             0x08000a95   Thumb Code    82  usart.o(i.Debug_Printf)
    EXTI15_10_IRQHandler                     0x08000b05   Thumb Code    30  stm32f1xx_it.o(i.EXTI15_10_IRQHandler)
    EXTI9_5_IRQHandler                       0x08000b23   Thumb Code    28  stm32f1xx_it.o(i.EXTI9_5_IRQHandler)
    Error_Handler                            0x08000b41   Thumb Code    30  main.o(i.Error_Handler)
    GPIO_ReadChannelEnable                   0x08000ba9   Thumb Code    44  gpio.o(i.GPIO_ReadChannelEnable)
    GPIO_ReadDCStatus                        0x08000bdd   Thumb Code     8  gpio.o(i.GPIO_ReadDCStatus)
    GPIO_ReadFanSensor                       0x08000be9   Thumb Code    10  gpio.o(i.GPIO_ReadFanSensor)
    GPIO_ReadRelayStatus                     0x08000bf9   Thumb Code    64  gpio.o(i.GPIO_ReadRelayStatus)
    GPIO_ReadSwitchStatus                    0x08000c41   Thumb Code    40  gpio.o(i.GPIO_ReadSwitchStatus)
    HAL_ADCEx_InjectedConvCpltCallback       0x08000c71   Thumb Code     2  stm32f1xx_hal_adc_ex.o(i.HAL_ADCEx_InjectedConvCpltCallback)
    HAL_ADC_ConfigChannel                    0x08000c75   Thumb Code   240  stm32f1xx_hal_adc.o(i.HAL_ADC_ConfigChannel)
    HAL_ADC_ConvCpltCallback                 0x08000d71   Thumb Code     2  stm32f1xx_hal_adc.o(i.HAL_ADC_ConvCpltCallback)
    HAL_ADC_IRQHandler                       0x08000d73   Thumb Code   220  stm32f1xx_hal_adc.o(i.HAL_ADC_IRQHandler)
    HAL_ADC_Init                             0x08000e51   Thumb Code   272  stm32f1xx_hal_adc.o(i.HAL_ADC_Init)
    HAL_ADC_LevelOutOfWindowCallback         0x08000f71   Thumb Code     2  stm32f1xx_hal_adc.o(i.HAL_ADC_LevelOutOfWindowCallback)
    HAL_ADC_MspInit                          0x08000f75   Thumb Code   136  adc.o(i.HAL_ADC_MspInit)
    HAL_DMA_Abort                            0x08001011   Thumb Code    70  stm32f1xx_hal_dma.o(i.HAL_DMA_Abort)
    HAL_DMA_Abort_IT                         0x08001059   Thumb Code   296  stm32f1xx_hal_dma.o(i.HAL_DMA_Abort_IT)
    HAL_DMA_GetState                         0x08001189   Thumb Code     6  stm32f1xx_hal_dma.o(i.HAL_DMA_GetState)
    HAL_DMA_IRQHandler                       0x08001191   Thumb Code   552  stm32f1xx_hal_dma.o(i.HAL_DMA_IRQHandler)
    HAL_DMA_Init                             0x080013d9   Thumb Code   112  stm32f1xx_hal_dma.o(i.HAL_DMA_Init)
    HAL_Delay                                0x08001455   Thumb Code    32  stm32f1xx_hal.o(i.HAL_Delay)
    HAL_GPIO_EXTI_Callback                   0x08001479   Thumb Code     2  stm32f1xx_hal_gpio.o(i.HAL_GPIO_EXTI_Callback)
    HAL_GPIO_EXTI_IRQHandler                 0x0800147d   Thumb Code    18  stm32f1xx_hal_gpio.o(i.HAL_GPIO_EXTI_IRQHandler)
    HAL_GPIO_Init                            0x08001495   Thumb Code   462  stm32f1xx_hal_gpio.o(i.HAL_GPIO_Init)
    HAL_GPIO_ReadPin                         0x0800168d   Thumb Code    10  stm32f1xx_hal_gpio.o(i.HAL_GPIO_ReadPin)
    HAL_GPIO_WritePin                        0x08001697   Thumb Code    10  stm32f1xx_hal_gpio.o(i.HAL_GPIO_WritePin)
    HAL_GetTick                              0x080016a1   Thumb Code     6  stm32f1xx_hal.o(i.HAL_GetTick)
    HAL_I2C_AbortCpltCallback                0x080016ad   Thumb Code     2  stm32f1xx_hal_i2c.o(i.HAL_I2C_AbortCpltCallback)
    HAL_I2C_AddrCallback                     0x080016af   Thumb Code     2  stm32f1xx_hal_i2c.o(i.HAL_I2C_AddrCallback)
    HAL_I2C_ER_IRQHandler                    0x080016b1   Thumb Code   196  stm32f1xx_hal_i2c.o(i.HAL_I2C_ER_IRQHandler)
    HAL_I2C_EV_IRQHandler                    0x08001775   Thumb Code   560  stm32f1xx_hal_i2c.o(i.HAL_I2C_EV_IRQHandler)
    HAL_I2C_ErrorCallback                    0x080019a5   Thumb Code     2  stm32f1xx_hal_i2c.o(i.HAL_I2C_ErrorCallback)
    HAL_I2C_Init                             0x080019a9   Thumb Code   376  stm32f1xx_hal_i2c.o(i.HAL_I2C_Init)
    HAL_I2C_ListenCpltCallback               0x08001b31   Thumb Code     2  stm32f1xx_hal_i2c.o(i.HAL_I2C_ListenCpltCallback)
    HAL_I2C_MasterRxCpltCallback             0x08001b33   Thumb Code     2  stm32f1xx_hal_i2c.o(i.HAL_I2C_MasterRxCpltCallback)
    HAL_I2C_MasterTxCpltCallback             0x08001b35   Thumb Code     2  stm32f1xx_hal_i2c.o(i.HAL_I2C_MasterTxCpltCallback)
    HAL_I2C_MemRxCpltCallback                0x08001b37   Thumb Code     2  stm32f1xx_hal_i2c.o(i.HAL_I2C_MemRxCpltCallback)
    HAL_I2C_MemTxCpltCallback                0x08001b39   Thumb Code     2  stm32f1xx_hal_i2c.o(i.HAL_I2C_MemTxCpltCallback)
    HAL_I2C_MspInit                          0x08001b3d   Thumb Code   112  i2c.o(i.HAL_I2C_MspInit)
    HAL_I2C_SlaveRxCpltCallback              0x08001bb9   Thumb Code     2  stm32f1xx_hal_i2c.o(i.HAL_I2C_SlaveRxCpltCallback)
    HAL_I2C_SlaveTxCpltCallback              0x08001bbb   Thumb Code     2  stm32f1xx_hal_i2c.o(i.HAL_I2C_SlaveTxCpltCallback)
    HAL_IWDG_Init                            0x08001bbd   Thumb Code    94  stm32f1xx_hal_iwdg.o(i.HAL_IWDG_Init)
    HAL_IWDG_Refresh                         0x08001c1b   Thumb Code    12  stm32f1xx_hal_iwdg.o(i.HAL_IWDG_Refresh)
    HAL_IncTick                              0x08001c29   Thumb Code    12  stm32f1xx_hal.o(i.HAL_IncTick)
    HAL_Init                                 0x08001c39   Thumb Code    32  stm32f1xx_hal.o(i.HAL_Init)
    HAL_InitTick                             0x08001c5d   Thumb Code    54  stm32f1xx_hal.o(i.HAL_InitTick)
    HAL_MspInit                              0x08001c9d   Thumb Code    68  stm32f1xx_hal_msp.o(i.HAL_MspInit)
    HAL_NVIC_EnableIRQ                       0x08001ce9   Thumb Code    26  stm32f1xx_hal_cortex.o(i.HAL_NVIC_EnableIRQ)
    HAL_NVIC_SetPriority                     0x08001d05   Thumb Code    60  stm32f1xx_hal_cortex.o(i.HAL_NVIC_SetPriority)
    HAL_NVIC_SetPriorityGrouping             0x08001d45   Thumb Code    26  stm32f1xx_hal_cortex.o(i.HAL_NVIC_SetPriorityGrouping)
    HAL_PWR_PVDCallback                      0x08001d69   Thumb Code     2  stm32f1xx_hal_pwr.o(i.HAL_PWR_PVDCallback)
    HAL_PWR_PVD_IRQHandler                   0x08001d6d   Thumb Code    22  stm32f1xx_hal_pwr.o(i.HAL_PWR_PVD_IRQHandler)
    HAL_RCCEx_PeriphCLKConfig                0x08001d89   Thumb Code   224  stm32f1xx_hal_rcc_ex.o(i.HAL_RCCEx_PeriphCLKConfig)
    HAL_RCC_ClockConfig                      0x08001e75   Thumb Code   280  stm32f1xx_hal_rcc.o(i.HAL_RCC_ClockConfig)
    HAL_RCC_GetPCLK1Freq                     0x08001fa1   Thumb Code    20  stm32f1xx_hal_rcc.o(i.HAL_RCC_GetPCLK1Freq)
    HAL_RCC_GetPCLK2Freq                     0x08001fc1   Thumb Code    20  stm32f1xx_hal_rcc.o(i.HAL_RCC_GetPCLK2Freq)
    HAL_RCC_GetSysClockFreq                  0x08001fe1   Thumb Code    58  stm32f1xx_hal_rcc.o(i.HAL_RCC_GetSysClockFreq)
    HAL_RCC_OscConfig                        0x0800202d   Thumb Code   778  stm32f1xx_hal_rcc.o(i.HAL_RCC_OscConfig)
    HAL_SPI_ErrorCallback                    0x0800234d   Thumb Code     2  stm32f1xx_hal_spi.o(i.HAL_SPI_ErrorCallback)
    HAL_SPI_IRQHandler                       0x08002351   Thumb Code   220  stm32f1xx_hal_spi.o(i.HAL_SPI_IRQHandler)
    HAL_SPI_Init                             0x08002431   Thumb Code   178  stm32f1xx_hal_spi.o(i.HAL_SPI_Init)
    HAL_SPI_MspInit                          0x080024e5   Thumb Code   118  spi.o(i.HAL_SPI_MspInit)
    HAL_SYSTICK_Config                       0x08002569   Thumb Code    40  stm32f1xx_hal_cortex.o(i.HAL_SYSTICK_Config)
    HAL_TIMEx_BreakCallback                  0x08002591   Thumb Code     2  stm32f1xx_hal_tim_ex.o(i.HAL_TIMEx_BreakCallback)
    HAL_TIMEx_CommutCallback                 0x08002593   Thumb Code     2  stm32f1xx_hal_tim_ex.o(i.HAL_TIMEx_CommutCallback)
    HAL_TIMEx_MasterConfigSynchronization    0x08002595   Thumb Code   104  stm32f1xx_hal_tim_ex.o(i.HAL_TIMEx_MasterConfigSynchronization)
    HAL_TIM_Base_Init                        0x08002611   Thumb Code    90  stm32f1xx_hal_tim.o(i.HAL_TIM_Base_Init)
    HAL_TIM_Base_MspInit                     0x0800266d   Thumb Code    50  tim.o(i.HAL_TIM_Base_MspInit)
    HAL_TIM_ConfigClockSource                0x080026a9   Thumb Code   220  stm32f1xx_hal_tim.o(i.HAL_TIM_ConfigClockSource)
    HAL_TIM_IC_CaptureCallback               0x08002785   Thumb Code     2  stm32f1xx_hal_tim.o(i.HAL_TIM_IC_CaptureCallback)
    HAL_TIM_IRQHandler                       0x08002787   Thumb Code   304  stm32f1xx_hal_tim.o(i.HAL_TIM_IRQHandler)
    HAL_TIM_MspPostInit                      0x080028b9   Thumb Code    62  tim.o(i.HAL_TIM_MspPostInit)
    HAL_TIM_OC_DelayElapsedCallback          0x08002905   Thumb Code     2  stm32f1xx_hal_tim.o(i.HAL_TIM_OC_DelayElapsedCallback)
    HAL_TIM_PWM_ConfigChannel                0x08002907   Thumb Code   204  stm32f1xx_hal_tim.o(i.HAL_TIM_PWM_ConfigChannel)
    HAL_TIM_PWM_Init                         0x080029d3   Thumb Code    90  stm32f1xx_hal_tim.o(i.HAL_TIM_PWM_Init)
    HAL_TIM_PWM_MspInit                      0x08002a2d   Thumb Code     2  stm32f1xx_hal_tim.o(i.HAL_TIM_PWM_MspInit)
    HAL_TIM_PWM_PulseFinishedCallback        0x08002a2f   Thumb Code     2  stm32f1xx_hal_tim.o(i.HAL_TIM_PWM_PulseFinishedCallback)
    HAL_TIM_PeriodElapsedCallback            0x08002a31   Thumb Code     2  stm32f1xx_hal_tim.o(i.HAL_TIM_PeriodElapsedCallback)
    HAL_TIM_TriggerCallback                  0x08002a33   Thumb Code     2  stm32f1xx_hal_tim.o(i.HAL_TIM_TriggerCallback)
    HAL_UARTEx_RxEventCallback               0x08002a35   Thumb Code     2  stm32f1xx_hal_uart.o(i.HAL_UARTEx_RxEventCallback)
    HAL_UART_ErrorCallback                   0x08002a37   Thumb Code     2  stm32f1xx_hal_uart.o(i.HAL_UART_ErrorCallback)
    HAL_UART_IRQHandler                      0x08002a39   Thumb Code   616  stm32f1xx_hal_uart.o(i.HAL_UART_IRQHandler)
    HAL_UART_Init                            0x08002ca5   Thumb Code   100  stm32f1xx_hal_uart.o(i.HAL_UART_Init)
    HAL_UART_MspInit                         0x08002d09   Thumb Code   216  usart.o(i.HAL_UART_MspInit)
    HAL_UART_RxCpltCallback                  0x08002df9   Thumb Code     2  stm32f1xx_hal_uart.o(i.HAL_UART_RxCpltCallback)
    HAL_UART_Transmit                        0x08002dfb   Thumb Code   160  stm32f1xx_hal_uart.o(i.HAL_UART_Transmit)
    HAL_UART_TxCpltCallback                  0x08002e9b   Thumb Code     2  stm32f1xx_hal_uart.o(i.HAL_UART_TxCpltCallback)
    HardFault_Handler                        0x08002e9d   Thumb Code     2  stm32f1xx_it.o(i.HardFault_Handler)
    I2C1_ER_IRQHandler                       0x08002ea1   Thumb Code     6  stm32f1xx_it.o(i.I2C1_ER_IRQHandler)
    I2C1_EV_IRQHandler                       0x08002ead   Thumb Code     6  stm32f1xx_it.o(i.I2C1_EV_IRQHandler)
    MX_ADC1_Init                             0x080038a9   Thumb Code   112  adc.o(i.MX_ADC1_Init)
    MX_DMA_Init                              0x08003921   Thumb Code    40  dma.o(i.MX_DMA_Init)
    MX_GPIO_Init                             0x0800394d   Thumb Code   442  gpio.o(i.MX_GPIO_Init)
    MX_I2C1_Init                             0x08003b29   Thumb Code    50  i2c.o(i.MX_I2C1_Init)
    MX_IWDG_Init                             0x08003b69   Thumb Code    36  iwdg.o(i.MX_IWDG_Init)
    MX_SPI2_Init                             0x08003b95   Thumb Code    62  spi.o(i.MX_SPI2_Init)
    MX_TIM3_Init                             0x08003bdd   Thumb Code   146  tim.o(i.MX_TIM3_Init)
    MX_USART1_UART_Init                      0x08003c79   Thumb Code    48  usart.o(i.MX_USART1_UART_Init)
    MX_USART3_UART_Init                      0x08003cb1   Thumb Code    48  usart.o(i.MX_USART3_UART_Init)
    MemManage_Handler                        0x08003ce9   Thumb Code     2  stm32f1xx_it.o(i.MemManage_Handler)
    NMI_Handler                              0x08003ceb   Thumb Code     2  stm32f1xx_it.o(i.NMI_Handler)
    PVD_IRQHandler                           0x08003ced   Thumb Code     4  stm32f1xx_it.o(i.PVD_IRQHandler)
    PendSV_Handler                           0x08003cf1   Thumb Code     2  stm32f1xx_it.o(i.PendSV_Handler)
    SPI2_IRQHandler                          0x08003cf5   Thumb Code     6  stm32f1xx_it.o(i.SPI2_IRQHandler)
    SVC_Handler                              0x08003d11   Thumb Code     2  stm32f1xx_it.o(i.SVC_Handler)
    SysTick_Handler                          0x08003d13   Thumb Code     4  stm32f1xx_it.o(i.SysTick_Handler)
    SystemClock_Config                       0x08003d17   Thumb Code   116  main.o(i.SystemClock_Config)
    SystemInit                               0x08003d8b   Thumb Code     2  system_stm32f1xx.o(i.SystemInit)
    TIM3_IRQHandler                          0x08003d8d   Thumb Code     6  stm32f1xx_it.o(i.TIM3_IRQHandler)
    TIM_Base_SetConfig                       0x08003d99   Thumb Code   134  stm32f1xx_hal_tim.o(i.TIM_Base_SetConfig)
    TIM_ETR_SetConfig                        0x08003e35   Thumb Code    20  stm32f1xx_hal_tim.o(i.TIM_ETR_SetConfig)
    TIM_OC2_SetConfig                        0x08003eb9   Thumb Code    98  stm32f1xx_hal_tim.o(i.TIM_OC2_SetConfig)
    USART1_IRQHandler                        0x08004271   Thumb Code     6  stm32f1xx_it.o(i.USART1_IRQHandler)
    USART3_IRQHandler                        0x0800427d   Thumb Code     6  stm32f1xx_it.o(i.USART3_IRQHandler)
    USART_SendString                         0x08004289   Thumb Code    30  usart.o(i.USART_SendString)
    UsageFault_Handler                       0x080042a7   Thumb Code     2  stm32f1xx_it.o(i.UsageFault_Handler)
    __0snprintf                              0x080042a9   Thumb Code    48  printfa.o(i.__0snprintf)
    __1snprintf                              0x080042a9   Thumb Code     0  printfa.o(i.__0snprintf)
    __2snprintf                              0x080042a9   Thumb Code     0  printfa.o(i.__0snprintf)
    __c89snprintf                            0x080042a9   Thumb Code     0  printfa.o(i.__0snprintf)
    snprintf                                 0x080042a9   Thumb Code     0  printfa.o(i.__0snprintf)
    __0vsnprintf                             0x080042dd   Thumb Code    46  printfa.o(i.__0vsnprintf)
    __1vsnprintf                             0x080042dd   Thumb Code     0  printfa.o(i.__0vsnprintf)
    __2vsnprintf                             0x080042dd   Thumb Code     0  printfa.o(i.__0vsnprintf)
    __c89vsnprintf                           0x080042dd   Thumb Code     0  printfa.o(i.__0vsnprintf)
    vsnprintf                                0x080042dd   Thumb Code     0  printfa.o(i.__0vsnprintf)
    __scatterload_copy                       0x08004331   Thumb Code    14  handlers.o(i.__scatterload_copy)
    __scatterload_null                       0x0800433f   Thumb Code     2  handlers.o(i.__scatterload_null)
    __scatterload_zeroinit                   0x08004341   Thumb Code    14  handlers.o(i.__scatterload_zeroinit)
    main                                     0x08004bf1   Thumb Code   206  main.o(i.main)
    AHBPrescTable                            0x08004d7a   Data          16  system_stm32f1xx.o(.constdata)
    APBPrescTable                            0x08004d8a   Data           8  system_stm32f1xx.o(.constdata)
    Region$$Table$$Base                      0x08004e08   Number         0  anon$$obj.o(Region$$Table)
    Region$$Table$$Limit                     0x08004e28   Number         0  anon$$obj.o(Region$$Table)
    uwTickFreq                               0x2000000c   Data           1  stm32f1xx_hal.o(.data)
    uwTickPrio                               0x20000010   Data           4  stm32f1xx_hal.o(.data)
    uwTick                                   0x20000014   Data           4  stm32f1xx_hal.o(.data)
    SystemCoreClock                          0x20000018   Data           4  system_stm32f1xx.o(.data)
    hadc1                                    0x2000001c   Data          48  adc.o(.bss)
    hdma_adc1                                0x2000004c   Data          68  adc.o(.bss)
    hi2c1                                    0x20000090   Data          84  i2c.o(.bss)
    hiwdg                                    0x200000e4   Data          12  iwdg.o(.bss)
    hspi2                                    0x200000f0   Data          88  spi.o(.bss)
    htim3                                    0x20000148   Data          72  tim.o(.bss)
    huart1                                   0x20000290   Data          72  usart.o(.bss)
    huart3                                   0x200002d8   Data          72  usart.o(.bss)
    __initial_sp                             0x20000720   Data           0  startup_stm32f103xe.o(STACK)



==============================================================================

Memory Map of the image

  Image Entry point : 0x08000131

  Load Region LR_IROM1 (Base: 0x08000000, Size: 0x00004e44, Max: 0x00040000, ABSOLUTE)

    Execution Region ER_IROM1 (Exec base: 0x08000000, Load base: 0x08000000, Size: 0x00004e28, Max: 0x00040000, ABSOLUTE)

    Exec Addr    Load Addr    Size         Type   Attr      Idx    E Section Name        Object

    0x08000000   0x08000000   0x00000130   Data   RO            3    RESET               startup_stm32f103xe.o
    0x08000130   0x08000130   0x00000000   Code   RO         4277  * .ARM.Collect$$$$00000000  mc_w.l(entry.o)
    0x08000130   0x08000130   0x00000004   Code   RO         4555    .ARM.Collect$$$$00000001  mc_w.l(entry2.o)
    0x08000134   0x08000134   0x00000004   Code   RO         4558    .ARM.Collect$$$$00000004  mc_w.l(entry5.o)
    0x08000138   0x08000138   0x00000000   Code   RO         4560    .ARM.Collect$$$$00000008  mc_w.l(entry7b.o)
    0x08000138   0x08000138   0x00000000   Code   RO         4562    .ARM.Collect$$$$0000000A  mc_w.l(entry8b.o)
    0x08000138   0x08000138   0x00000008   Code   RO         4563    .ARM.Collect$$$$0000000B  mc_w.l(entry9a.o)
    0x08000140   0x08000140   0x00000004   Code   RO         4570    .ARM.Collect$$$$0000000E  mc_w.l(entry12b.o)
    0x08000144   0x08000144   0x00000000   Code   RO         4565    .ARM.Collect$$$$0000000F  mc_w.l(entry10a.o)
    0x08000144   0x08000144   0x00000000   Code   RO         4567    .ARM.Collect$$$$00000011  mc_w.l(entry11a.o)
    0x08000144   0x08000144   0x00000004   Code   RO         4556    .ARM.Collect$$$$00002712  mc_w.l(entry2.o)
    0x08000148   0x08000148   0x00000024   Code   RO            4    .text               startup_stm32f103xe.o
    0x0800016c   0x0800016c   0x00000020   Code   RO         4280    .text               mc_w.l(llushr.o)
    0x0800018c   0x0800018c   0x00000024   Code   RO         4282    .text               mc_w.l(memcpya.o)
    0x080001b0   0x080001b0   0x00000024   Code   RO         4284    .text               mc_w.l(memseta.o)
    0x080001d4   0x080001d4   0x00000018   Code   RO         4286    .text               mc_w.l(strcat.o)
    0x080001ec   0x080001ec   0x0000000e   Code   RO         4288    .text               mc_w.l(strlen.o)
    0x080001fa   0x080001fa   0x0000002c   Code   RO         4574    .text               mc_w.l(uidiv.o)
    0x08000226   0x08000226   0x00000062   Code   RO         4576    .text               mc_w.l(uldiv.o)
    0x08000288   0x08000288   0x00000000   Code   RO         4578    .text               mc_w.l(iusefp.o)
    0x08000288   0x08000288   0x0000014e   Code   RO         4579    .text               mf_w.l(dadd.o)
    0x080003d6   0x080003d6   0x000000e4   Code   RO         4581    .text               mf_w.l(dmul.o)
    0x080004ba   0x080004ba   0x000000de   Code   RO         4583    .text               mf_w.l(ddiv.o)
    0x08000598   0x08000598   0x00000030   Code   RO         4585    .text               mf_w.l(dfixul.o)
    0x080005c8   0x080005c8   0x00000030   Code   RO         4587    .text               mf_w.l(cdrcmple.o)
    0x080005f8   0x080005f8   0x00000024   Code   RO         4589    .text               mc_w.l(init.o)
    0x0800061c   0x0800061c   0x0000001e   Code   RO         4592    .text               mc_w.l(llshl.o)
    0x0800063a   0x0800063a   0x00000024   Code   RO         4594    .text               mc_w.l(llsshr.o)
    0x0800065e   0x0800065e   0x000000ba   Code   RO         4597    .text               mf_w.l(depilogue.o)
    0x08000718   0x08000718   0x0000000c   Code   RO          662    i.ADC1_2_IRQHandler  stm32f1xx_it.o
    0x08000724   0x08000724   0x00000056   Code   RO          864    i.ADC_ConversionStop_Disable  stm32f1xx_hal_adc.o
    0x0800077a   0x0800077a   0x00000002   Code   RO          663    i.BusFault_Handler  stm32f1xx_it.o
    0x0800077c   0x0800077c   0x0000000c   Code   RO          664    i.DMA1_Channel1_IRQHandler  stm32f1xx_it.o
    0x08000788   0x08000788   0x00000002   Code   RO          665    i.DebugMon_Handler  stm32f1xx_it.o
    0x0800078a   0x0800078a   0x00000002   PAD
    0x0800078c   0x0800078c   0x0000004c   Code   RO          527    i.Debug_GetLevelString  usart.o
    0x080007d8   0x080007d8   0x0000004c   Code   RO          529    i.Debug_Init        usart.o
    0x08000824   0x08000824   0x00000148   Code   RO          531    i.Debug_PrintGPIOStatus  usart.o
    0x0800096c   0x0800096c   0x00000070   Code   RO          532    i.Debug_PrintRelayStatus  usart.o
    0x080009dc   0x080009dc   0x000000b8   Code   RO          533    i.Debug_PrintSystemInfo  usart.o
    0x08000a94   0x08000a94   0x00000070   Code   RO          535    i.Debug_Printf      usart.o
    0x08000b04   0x08000b04   0x0000001e   Code   RO          666    i.EXTI15_10_IRQHandler  stm32f1xx_it.o
    0x08000b22   0x08000b22   0x0000001c   Code   RO          667    i.EXTI9_5_IRQHandler  stm32f1xx_it.o
    0x08000b3e   0x08000b3e   0x00000002   PAD
    0x08000b40   0x08000b40   0x00000068   Code   RO           13    i.Error_Handler     main.o
    0x08000ba8   0x08000ba8   0x00000034   Code   RO          200    i.GPIO_ReadChannelEnable  gpio.o
    0x08000bdc   0x08000bdc   0x0000000c   Code   RO          201    i.GPIO_ReadDCStatus  gpio.o
    0x08000be8   0x08000be8   0x00000010   Code   RO          202    i.GPIO_ReadFanSensor  gpio.o
    0x08000bf8   0x08000bf8   0x00000048   Code   RO          203    i.GPIO_ReadRelayStatus  gpio.o
    0x08000c40   0x08000c40   0x00000030   Code   RO          204    i.GPIO_ReadSwitchStatus  gpio.o
    0x08000c70   0x08000c70   0x00000002   Code   RO         1046    i.HAL_ADCEx_InjectedConvCpltCallback  stm32f1xx_hal_adc_ex.o
    0x08000c72   0x08000c72   0x00000002   PAD
    0x08000c74   0x08000c74   0x000000fc   Code   RO          870    i.HAL_ADC_ConfigChannel  stm32f1xx_hal_adc.o
    0x08000d70   0x08000d70   0x00000002   Code   RO          871    i.HAL_ADC_ConvCpltCallback  stm32f1xx_hal_adc.o
    0x08000d72   0x08000d72   0x000000dc   Code   RO          878    i.HAL_ADC_IRQHandler  stm32f1xx_hal_adc.o
    0x08000e4e   0x08000e4e   0x00000002   PAD
    0x08000e50   0x08000e50   0x00000120   Code   RO          879    i.HAL_ADC_Init      stm32f1xx_hal_adc.o
    0x08000f70   0x08000f70   0x00000002   Code   RO          880    i.HAL_ADC_LevelOutOfWindowCallback  stm32f1xx_hal_adc.o
    0x08000f72   0x08000f72   0x00000002   PAD
    0x08000f74   0x08000f74   0x0000009c   Code   RO          300    i.HAL_ADC_MspInit   adc.o
    0x08001010   0x08001010   0x00000046   Code   RO         1521    i.HAL_DMA_Abort     stm32f1xx_hal_dma.o
    0x08001056   0x08001056   0x00000002   PAD
    0x08001058   0x08001058   0x00000130   Code   RO         1522    i.HAL_DMA_Abort_IT  stm32f1xx_hal_dma.o
    0x08001188   0x08001188   0x00000006   Code   RO         1525    i.HAL_DMA_GetState  stm32f1xx_hal_dma.o
    0x0800118e   0x0800118e   0x00000002   PAD
    0x08001190   0x08001190   0x00000248   Code   RO         1526    i.HAL_DMA_IRQHandler  stm32f1xx_hal_dma.o
    0x080013d8   0x080013d8   0x0000007c   Code   RO         1527    i.HAL_DMA_Init      stm32f1xx_hal_dma.o
    0x08001454   0x08001454   0x00000024   Code   RO         1147    i.HAL_Delay         stm32f1xx_hal.o
    0x08001478   0x08001478   0x00000002   Code   RO         1455    i.HAL_GPIO_EXTI_Callback  stm32f1xx_hal_gpio.o
    0x0800147a   0x0800147a   0x00000002   PAD
    0x0800147c   0x0800147c   0x00000018   Code   RO         1456    i.HAL_GPIO_EXTI_IRQHandler  stm32f1xx_hal_gpio.o
    0x08001494   0x08001494   0x000001f8   Code   RO         1457    i.HAL_GPIO_Init     stm32f1xx_hal_gpio.o
    0x0800168c   0x0800168c   0x0000000a   Code   RO         1459    i.HAL_GPIO_ReadPin  stm32f1xx_hal_gpio.o
    0x08001696   0x08001696   0x0000000a   Code   RO         1461    i.HAL_GPIO_WritePin  stm32f1xx_hal_gpio.o
    0x080016a0   0x080016a0   0x0000000c   Code   RO         1151    i.HAL_GetTick       stm32f1xx_hal.o
    0x080016ac   0x080016ac   0x00000002   Code   RO         2117    i.HAL_I2C_AbortCpltCallback  stm32f1xx_hal_i2c.o
    0x080016ae   0x080016ae   0x00000002   Code   RO         2118    i.HAL_I2C_AddrCallback  stm32f1xx_hal_i2c.o
    0x080016b0   0x080016b0   0x000000c4   Code   RO         2121    i.HAL_I2C_ER_IRQHandler  stm32f1xx_hal_i2c.o
    0x08001774   0x08001774   0x00000230   Code   RO         2122    i.HAL_I2C_EV_IRQHandler  stm32f1xx_hal_i2c.o
    0x080019a4   0x080019a4   0x00000002   Code   RO         2124    i.HAL_I2C_ErrorCallback  stm32f1xx_hal_i2c.o
    0x080019a6   0x080019a6   0x00000002   PAD
    0x080019a8   0x080019a8   0x00000188   Code   RO         2128    i.HAL_I2C_Init      stm32f1xx_hal_i2c.o
    0x08001b30   0x08001b30   0x00000002   Code   RO         2130    i.HAL_I2C_ListenCpltCallback  stm32f1xx_hal_i2c.o
    0x08001b32   0x08001b32   0x00000002   Code   RO         2131    i.HAL_I2C_MasterRxCpltCallback  stm32f1xx_hal_i2c.o
    0x08001b34   0x08001b34   0x00000002   Code   RO         2132    i.HAL_I2C_MasterTxCpltCallback  stm32f1xx_hal_i2c.o
    0x08001b36   0x08001b36   0x00000002   Code   RO         2144    i.HAL_I2C_MemRxCpltCallback  stm32f1xx_hal_i2c.o
    0x08001b38   0x08001b38   0x00000002   Code   RO         2145    i.HAL_I2C_MemTxCpltCallback  stm32f1xx_hal_i2c.o
    0x08001b3a   0x08001b3a   0x00000002   PAD
    0x08001b3c   0x08001b3c   0x0000007c   Code   RO          366    i.HAL_I2C_MspInit   i2c.o
    0x08001bb8   0x08001bb8   0x00000002   Code   RO         2154    i.HAL_I2C_SlaveRxCpltCallback  stm32f1xx_hal_i2c.o
    0x08001bba   0x08001bba   0x00000002   Code   RO         2155    i.HAL_I2C_SlaveTxCpltCallback  stm32f1xx_hal_i2c.o
    0x08001bbc   0x08001bbc   0x0000005e   Code   RO         2554    i.HAL_IWDG_Init     stm32f1xx_hal_iwdg.o
    0x08001c1a   0x08001c1a   0x0000000c   Code   RO         2555    i.HAL_IWDG_Refresh  stm32f1xx_hal_iwdg.o
    0x08001c26   0x08001c26   0x00000002   PAD
    0x08001c28   0x08001c28   0x00000010   Code   RO         1157    i.HAL_IncTick       stm32f1xx_hal.o
    0x08001c38   0x08001c38   0x00000024   Code   RO         1158    i.HAL_Init          stm32f1xx_hal.o
    0x08001c5c   0x08001c5c   0x00000040   Code   RO         1159    i.HAL_InitTick      stm32f1xx_hal.o
    0x08001c9c   0x08001c9c   0x0000004c   Code   RO          804    i.HAL_MspInit       stm32f1xx_hal_msp.o
    0x08001ce8   0x08001ce8   0x0000001a   Code   RO         1617    i.HAL_NVIC_EnableIRQ  stm32f1xx_hal_cortex.o
    0x08001d02   0x08001d02   0x00000002   PAD
    0x08001d04   0x08001d04   0x00000040   Code   RO         1623    i.HAL_NVIC_SetPriority  stm32f1xx_hal_cortex.o
    0x08001d44   0x08001d44   0x00000024   Code   RO         1624    i.HAL_NVIC_SetPriorityGrouping  stm32f1xx_hal_cortex.o
    0x08001d68   0x08001d68   0x00000002   Code   RO         1747    i.HAL_PWR_PVDCallback  stm32f1xx_hal_pwr.o
    0x08001d6a   0x08001d6a   0x00000002   PAD
    0x08001d6c   0x08001d6c   0x0000001c   Code   RO         1748    i.HAL_PWR_PVD_IRQHandler  stm32f1xx_hal_pwr.o
    0x08001d88   0x08001d88   0x000000ec   Code   RO         1419    i.HAL_RCCEx_PeriphCLKConfig  stm32f1xx_hal_rcc_ex.o
    0x08001e74   0x08001e74   0x0000012c   Code   RO         1315    i.HAL_RCC_ClockConfig  stm32f1xx_hal_rcc.o
    0x08001fa0   0x08001fa0   0x00000020   Code   RO         1322    i.HAL_RCC_GetPCLK1Freq  stm32f1xx_hal_rcc.o
    0x08001fc0   0x08001fc0   0x00000020   Code   RO         1323    i.HAL_RCC_GetPCLK2Freq  stm32f1xx_hal_rcc.o
    0x08001fe0   0x08001fe0   0x0000004c   Code   RO         1324    i.HAL_RCC_GetSysClockFreq  stm32f1xx_hal_rcc.o
    0x0800202c   0x0800202c   0x00000320   Code   RO         1327    i.HAL_RCC_OscConfig  stm32f1xx_hal_rcc.o
    0x0800234c   0x0800234c   0x00000002   Code   RO         2591    i.HAL_SPI_ErrorCallback  stm32f1xx_hal_spi.o
    0x0800234e   0x0800234e   0x00000002   PAD
    0x08002350   0x08002350   0x000000e0   Code   RO         2594    i.HAL_SPI_IRQHandler  stm32f1xx_hal_spi.o
    0x08002430   0x08002430   0x000000b2   Code   RO         2595    i.HAL_SPI_Init      stm32f1xx_hal_spi.o
    0x080024e2   0x080024e2   0x00000002   PAD
    0x080024e4   0x080024e4   0x00000084   Code   RO          438    i.HAL_SPI_MspInit   spi.o
    0x08002568   0x08002568   0x00000028   Code   RO         1628    i.HAL_SYSTICK_Config  stm32f1xx_hal_cortex.o
    0x08002590   0x08002590   0x00000002   Code   RO         3612    i.HAL_TIMEx_BreakCallback  stm32f1xx_hal_tim_ex.o
    0x08002592   0x08002592   0x00000002   Code   RO         3613    i.HAL_TIMEx_CommutCallback  stm32f1xx_hal_tim_ex.o
    0x08002594   0x08002594   0x0000007c   Code   RO         3631    i.HAL_TIMEx_MasterConfigSynchronization  stm32f1xx_hal_tim_ex.o
    0x08002610   0x08002610   0x0000005a   Code   RO         2908    i.HAL_TIM_Base_Init  stm32f1xx_hal_tim.o
    0x0800266a   0x0800266a   0x00000002   PAD
    0x0800266c   0x0800266c   0x0000003c   Code   RO          480    i.HAL_TIM_Base_MspInit  tim.o
    0x080026a8   0x080026a8   0x000000dc   Code   RO         2917    i.HAL_TIM_ConfigClockSource  stm32f1xx_hal_tim.o
    0x08002784   0x08002784   0x00000002   Code   RO         2942    i.HAL_TIM_IC_CaptureCallback  stm32f1xx_hal_tim.o
    0x08002786   0x08002786   0x00000130   Code   RO         2956    i.HAL_TIM_IRQHandler  stm32f1xx_hal_tim.o
    0x080028b6   0x080028b6   0x00000002   PAD
    0x080028b8   0x080028b8   0x0000004c   Code   RO          481    i.HAL_TIM_MspPostInit  tim.o
    0x08002904   0x08002904   0x00000002   Code   RO         2959    i.HAL_TIM_OC_DelayElapsedCallback  stm32f1xx_hal_tim.o
    0x08002906   0x08002906   0x000000cc   Code   RO         2980    i.HAL_TIM_PWM_ConfigChannel  stm32f1xx_hal_tim.o
    0x080029d2   0x080029d2   0x0000005a   Code   RO         2983    i.HAL_TIM_PWM_Init  stm32f1xx_hal_tim.o
    0x08002a2c   0x08002a2c   0x00000002   Code   RO         2985    i.HAL_TIM_PWM_MspInit  stm32f1xx_hal_tim.o
    0x08002a2e   0x08002a2e   0x00000002   Code   RO         2986    i.HAL_TIM_PWM_PulseFinishedCallback  stm32f1xx_hal_tim.o
    0x08002a30   0x08002a30   0x00000002   Code   RO         2994    i.HAL_TIM_PeriodElapsedCallback  stm32f1xx_hal_tim.o
    0x08002a32   0x08002a32   0x00000002   Code   RO         2999    i.HAL_TIM_TriggerCallback  stm32f1xx_hal_tim.o
    0x08002a34   0x08002a34   0x00000002   Code   RO         3891    i.HAL_UARTEx_RxEventCallback  stm32f1xx_hal_uart.o
    0x08002a36   0x08002a36   0x00000002   Code   RO         3905    i.HAL_UART_ErrorCallback  stm32f1xx_hal_uart.o
    0x08002a38   0x08002a38   0x0000026c   Code   RO         3908    i.HAL_UART_IRQHandler  stm32f1xx_hal_uart.o
    0x08002ca4   0x08002ca4   0x00000064   Code   RO         3909    i.HAL_UART_Init     stm32f1xx_hal_uart.o
    0x08002d08   0x08002d08   0x000000f0   Code   RO          539    i.HAL_UART_MspInit  usart.o
    0x08002df8   0x08002df8   0x00000002   Code   RO         3915    i.HAL_UART_RxCpltCallback  stm32f1xx_hal_uart.o
    0x08002dfa   0x08002dfa   0x000000a0   Code   RO         3917    i.HAL_UART_Transmit  stm32f1xx_hal_uart.o
    0x08002e9a   0x08002e9a   0x00000002   Code   RO         3920    i.HAL_UART_TxCpltCallback  stm32f1xx_hal_uart.o
    0x08002e9c   0x08002e9c   0x00000002   Code   RO          668    i.HardFault_Handler  stm32f1xx_it.o
    0x08002e9e   0x08002e9e   0x00000002   PAD
    0x08002ea0   0x08002ea0   0x0000000c   Code   RO          669    i.I2C1_ER_IRQHandler  stm32f1xx_it.o
    0x08002eac   0x08002eac   0x0000000c   Code   RO          670    i.I2C1_EV_IRQHandler  stm32f1xx_it.o
    0x08002eb8   0x08002eb8   0x000000bc   Code   RO         2166    i.I2C_DMAAbort      stm32f1xx_hal_i2c.o
    0x08002f74   0x08002f74   0x00000010   Code   RO         2169    i.I2C_Flush_DR      stm32f1xx_hal_i2c.o
    0x08002f84   0x08002f84   0x00000158   Code   RO         2170    i.I2C_ITError       stm32f1xx_hal_i2c.o
    0x080030dc   0x080030dc   0x000000da   Code   RO         2172    i.I2C_MasterReceive_BTF  stm32f1xx_hal_i2c.o
    0x080031b6   0x080031b6   0x00000002   PAD
    0x080031b8   0x080031b8   0x000000f4   Code   RO         2173    i.I2C_MasterReceive_RXNE  stm32f1xx_hal_i2c.o
    0x080032ac   0x080032ac   0x00000082   Code   RO         2176    i.I2C_MasterTransmit_BTF  stm32f1xx_hal_i2c.o
    0x0800332e   0x0800332e   0x00000002   PAD
    0x08003330   0x08003330   0x000000b6   Code   RO         2177    i.I2C_MasterTransmit_TXE  stm32f1xx_hal_i2c.o
    0x080033e6   0x080033e6   0x00000002   PAD
    0x080033e8   0x080033e8   0x00000158   Code   RO         2178    i.I2C_Master_ADDR   stm32f1xx_hal_i2c.o
    0x08003540   0x08003540   0x0000008c   Code   RO         2179    i.I2C_Master_SB     stm32f1xx_hal_i2c.o
    0x080035cc   0x080035cc   0x000000a8   Code   RO         2180    i.I2C_MemoryTransmit_TXE_BTF  stm32f1xx_hal_i2c.o
    0x08003674   0x08003674   0x00000046   Code   RO         2183    i.I2C_Slave_ADDR    stm32f1xx_hal_i2c.o
    0x080036ba   0x080036ba   0x00000002   PAD
    0x080036bc   0x080036bc   0x00000090   Code   RO         2184    i.I2C_Slave_AF      stm32f1xx_hal_i2c.o
    0x0800374c   0x0800374c   0x0000015c   Code   RO         2185    i.I2C_Slave_STOPF   stm32f1xx_hal_i2c.o
    0x080038a8   0x080038a8   0x00000078   Code   RO          301    i.MX_ADC1_Init      adc.o
    0x08003920   0x08003920   0x0000002c   Code   RO          341    i.MX_DMA_Init       dma.o
    0x0800394c   0x0800394c   0x000001dc   Code   RO          210    i.MX_GPIO_Init      gpio.o
    0x08003b28   0x08003b28   0x00000040   Code   RO          367    i.MX_I2C1_Init      i2c.o
    0x08003b68   0x08003b68   0x0000002c   Code   RO          407    i.MX_IWDG_Init      iwdg.o
    0x08003b94   0x08003b94   0x00000048   Code   RO          439    i.MX_SPI2_Init      spi.o
    0x08003bdc   0x08003bdc   0x0000009c   Code   RO          482    i.MX_TIM3_Init      tim.o
    0x08003c78   0x08003c78   0x00000038   Code   RO          540    i.MX_USART1_UART_Init  usart.o
    0x08003cb0   0x08003cb0   0x00000038   Code   RO          541    i.MX_USART3_UART_Init  usart.o
    0x08003ce8   0x08003ce8   0x00000002   Code   RO          671    i.MemManage_Handler  stm32f1xx_it.o
    0x08003cea   0x08003cea   0x00000002   Code   RO          672    i.NMI_Handler       stm32f1xx_it.o
    0x08003cec   0x08003cec   0x00000004   Code   RO          673    i.PVD_IRQHandler    stm32f1xx_it.o
    0x08003cf0   0x08003cf0   0x00000002   Code   RO          674    i.PendSV_Handler    stm32f1xx_it.o
    0x08003cf2   0x08003cf2   0x00000002   PAD
    0x08003cf4   0x08003cf4   0x0000000c   Code   RO          675    i.SPI2_IRQHandler   stm32f1xx_it.o
    0x08003d00   0x08003d00   0x00000010   Code   RO         2622    i.SPI_DMAAbortOnError  stm32f1xx_hal_spi.o
    0x08003d10   0x08003d10   0x00000002   Code   RO          676    i.SVC_Handler       stm32f1xx_it.o
    0x08003d12   0x08003d12   0x00000004   Code   RO          677    i.SysTick_Handler   stm32f1xx_it.o
    0x08003d16   0x08003d16   0x00000074   Code   RO           14    i.SystemClock_Config  main.o
    0x08003d8a   0x08003d8a   0x00000002   Code   RO         4243    i.SystemInit        system_stm32f1xx.o
    0x08003d8c   0x08003d8c   0x0000000c   Code   RO          678    i.TIM3_IRQHandler   stm32f1xx_it.o
    0x08003d98   0x08003d98   0x0000009c   Code   RO         3001    i.TIM_Base_SetConfig  stm32f1xx_hal_tim.o
    0x08003e34   0x08003e34   0x00000014   Code   RO         3012    i.TIM_ETR_SetConfig  stm32f1xx_hal_tim.o
    0x08003e48   0x08003e48   0x00000010   Code   RO         3013    i.TIM_ITRx_SetConfig  stm32f1xx_hal_tim.o
    0x08003e58   0x08003e58   0x00000060   Code   RO         3014    i.TIM_OC1_SetConfig  stm32f1xx_hal_tim.o
    0x08003eb8   0x08003eb8   0x0000006c   Code   RO         3015    i.TIM_OC2_SetConfig  stm32f1xx_hal_tim.o
    0x08003f24   0x08003f24   0x00000068   Code   RO         3016    i.TIM_OC3_SetConfig  stm32f1xx_hal_tim.o
    0x08003f8c   0x08003f8c   0x00000050   Code   RO         3017    i.TIM_OC4_SetConfig  stm32f1xx_hal_tim.o
    0x08003fdc   0x08003fdc   0x00000022   Code   RO         3019    i.TIM_TI1_ConfigInputStage  stm32f1xx_hal_tim.o
    0x08003ffe   0x08003ffe   0x00000024   Code   RO         3021    i.TIM_TI2_ConfigInputStage  stm32f1xx_hal_tim.o
    0x08004022   0x08004022   0x00000010   Code   RO         3922    i.UART_DMAAbortOnError  stm32f1xx_hal_uart.o
    0x08004032   0x08004032   0x0000004e   Code   RO         3932    i.UART_EndRxTransfer  stm32f1xx_hal_uart.o
    0x08004080   0x08004080   0x000000c2   Code   RO         3934    i.UART_Receive_IT   stm32f1xx_hal_uart.o
    0x08004142   0x08004142   0x00000002   PAD
    0x08004144   0x08004144   0x000000b8   Code   RO         3935    i.UART_SetConfig    stm32f1xx_hal_uart.o
    0x080041fc   0x080041fc   0x00000072   Code   RO         3938    i.UART_WaitOnFlagUntilTimeout  stm32f1xx_hal_uart.o
    0x0800426e   0x0800426e   0x00000002   PAD
    0x08004270   0x08004270   0x0000000c   Code   RO          679    i.USART1_IRQHandler  stm32f1xx_it.o
    0x0800427c   0x0800427c   0x0000000c   Code   RO          680    i.USART3_IRQHandler  stm32f1xx_it.o
    0x08004288   0x08004288   0x0000001e   Code   RO          543    i.USART_SendString  usart.o
    0x080042a6   0x080042a6   0x00000002   Code   RO          681    i.UsageFault_Handler  stm32f1xx_it.o
    0x080042a8   0x080042a8   0x00000034   Code   RO         4526    i.__0snprintf       mc_w.l(printfa.o)
    0x080042dc   0x080042dc   0x00000034   Code   RO         4530    i.__0vsnprintf      mc_w.l(printfa.o)
    0x08004310   0x08004310   0x00000020   Code   RO         1630    i.__NVIC_SetPriority  stm32f1xx_hal_cortex.o
    0x08004330   0x08004330   0x0000000e   Code   RO         4601    i.__scatterload_copy  mc_w.l(handlers.o)
    0x0800433e   0x0800433e   0x00000002   Code   RO         4602    i.__scatterload_null  mc_w.l(handlers.o)
    0x08004340   0x08004340   0x0000000e   Code   RO         4603    i.__scatterload_zeroinit  mc_w.l(handlers.o)
    0x0800434e   0x0800434e   0x00000002   PAD
    0x08004350   0x08004350   0x00000184   Code   RO         4532    i._fp_digits        mc_w.l(printfa.o)
    0x080044d4   0x080044d4   0x000006b4   Code   RO         4533    i._printf_core      mc_w.l(printfa.o)
    0x08004b88   0x08004b88   0x00000024   Code   RO         4534    i._printf_post_padding  mc_w.l(printfa.o)
    0x08004bac   0x08004bac   0x0000002e   Code   RO         4535    i._printf_pre_padding  mc_w.l(printfa.o)
    0x08004bda   0x08004bda   0x00000016   Code   RO         4536    i._snputc           mc_w.l(printfa.o)
    0x08004bf0   0x08004bf0   0x00000160   Code   RO           15    i.main              main.o
    0x08004d50   0x08004d50   0x00000018   Data   RO          545    .constdata          usart.o
    0x08004d68   0x08004d68   0x00000012   Data   RO         1328    .constdata          stm32f1xx_hal_rcc.o
    0x08004d7a   0x08004d7a   0x00000010   Data   RO         4244    .constdata          system_stm32f1xx.o
    0x08004d8a   0x08004d8a   0x00000008   Data   RO         4245    .constdata          system_stm32f1xx.o
    0x08004d92   0x08004d92   0x00000002   PAD
    0x08004d94   0x08004d94   0x00000073   Data   RO          546    .conststring        usart.o
    0x08004e07   0x08004e07   0x00000001   PAD
    0x08004e08   0x08004e08   0x00000020   Data   RO         4599    Region$$Table       anon$$obj.o


    Execution Region RW_IRAM1 (Exec base: 0x20000000, Load base: 0x08004e28, Size: 0x00000720, Max: 0x0000c000, ABSOLUTE)

    Exec Addr    Load Addr    Size         Type   Attr      Idx    E Section Name        Object

    0x20000000   0x08004e28   0x00000008   Data   RW           16    .data               main.o
    0x20000008   0x08004e30   0x00000001   Data   RW          547    .data               usart.o
    0x20000009   0x08004e31   0x00000003   PAD
    0x2000000c   0x08004e34   0x0000000c   Data   RW         1165    .data               stm32f1xx_hal.o
    0x20000018   0x08004e40   0x00000004   Data   RW         4246    .data               system_stm32f1xx.o
    0x2000001c        -       0x00000074   Zero   RW          302    .bss                adc.o
    0x20000090        -       0x00000054   Zero   RW          368    .bss                i2c.o
    0x200000e4        -       0x0000000c   Zero   RW          408    .bss                iwdg.o
    0x200000f0        -       0x00000058   Zero   RW          440    .bss                spi.o
    0x20000148        -       0x00000048   Zero   RW          483    .bss                tim.o
    0x20000190        -       0x00000190   Zero   RW          544    .bss                usart.o
    0x20000320        -       0x00000400   Zero   RW            1    STACK               startup_stm32f103xe.o


==============================================================================

Image component sizes


      Code (inc. data)   RO Data    RW Data    ZI Data      Debug   Object Name

       276         28          0          0        116       1735   adc.o
        44          4          0          0          0        730   dma.o
       676         74          0          0          0       3776   gpio.o
       188         26          0          0         84       1593   i2c.o
        44          8          0          0         12        679   iwdg.o
       572        220          0          8          0     527936   main.o
       204         24          0          0         88       1609   spi.o
        36          8        304          0       1024        788   startup_stm32f103xe.o
       164         28          0         12          0       6401   stm32f1xx_hal.o
       850         28          0          0          0       5151   stm32f1xx_hal_adc.o
         2          0          0          0          0       1029   stm32f1xx_hal_adc_ex.o
       198         14          0          0          0      28879   stm32f1xx_hal_cortex.o
      1088         52          0          0          0       3998   stm32f1xx_hal_dma.o
       550         48          0          0          0       4563   stm32f1xx_hal_gpio.o
      3704         56          0          0          0      22373   stm32f1xx_hal_i2c.o
       106          0          0          0          0       1819   stm32f1xx_hal_iwdg.o
        76          8          0          0          0        850   stm32f1xx_hal_msp.o
        30          6          0          0          0       1015   stm32f1xx_hal_pwr.o
      1240         84         18          0          0       5040   stm32f1xx_hal_rcc.o
       236         12          0          0          0       1356   stm32f1xx_hal_rcc_ex.o
       420          4          0          0          0       3148   stm32f1xx_hal_spi.o
      1570         58          0          0          0      14502   stm32f1xx_hal_tim.o
       128         20          0          0          0       2353   stm32f1xx_hal_tim_ex.o
      1474         10          0          0          0       9912   stm32f1xx_hal_uart.o
       178         48          0          0          0       8504   stm32f1xx_it.o
         2          0         24          4          0       1079   system_stm32f1xx.o
       292         34          0          0         72       2260   tim.o
      1270        484        139          1        400       7761   usart.o

    ----------------------------------------------------------------------
     15668       1386        520         28       1796     670839   Object Totals
         0          0         32          0          0          0   (incl. Generated)
        50          0          3          3          0          0   (incl. Padding)

    ----------------------------------------------------------------------

      Code (inc. data)   RO Data    RW Data    ZI Data      Debug   Library Member Name

         0          0          0          0          0          0   entry.o
         0          0          0          0          0          0   entry10a.o
         0          0          0          0          0          0   entry11a.o
         4          0          0          0          0          0   entry12b.o
         8          4          0          0          0          0   entry2.o
         4          0          0          0          0          0   entry5.o
         0          0          0          0          0          0   entry7b.o
         0          0          0          0          0          0   entry8b.o
         8          4          0          0          0          0   entry9a.o
        30          0          0          0          0          0   handlers.o
        36          8          0          0          0         68   init.o
         0          0          0          0          0          0   iusefp.o
        30          0          0          0          0         68   llshl.o
        36          0          0          0          0         68   llsshr.o
        32          0          0          0          0         68   llushr.o
        36          0          0          0          0         68   memcpya.o
        36          0          0          0          0        108   memseta.o
      2312         90          0          0          0        616   printfa.o
        24          0          0          0          0         68   strcat.o
        14          0          0          0          0         68   strlen.o
        44          0          0          0          0         80   uidiv.o
        98          0          0          0          0         92   uldiv.o
        48          0          0          0          0         68   cdrcmple.o
       334          0          0          0          0        148   dadd.o
       222          0          0          0          0        100   ddiv.o
       186          0          0          0          0        176   depilogue.o
        48          0          0          0          0         68   dfixul.o
       228          0          0          0          0         96   dmul.o

    ----------------------------------------------------------------------
      3820        106          0          0          0       2028   Library Totals
         2          0          0          0          0          0   (incl. Padding)

    ----------------------------------------------------------------------

      Code (inc. data)   RO Data    RW Data    ZI Data      Debug   Library Name

      2752        106          0          0          0       1372   mc_w.l
      1066          0          0          0          0        656   mf_w.l

    ----------------------------------------------------------------------
      3820        106          0          0          0       2028   Library Totals

    ----------------------------------------------------------------------

==============================================================================


      Code (inc. data)   RO Data    RW Data    ZI Data      Debug   

     19488       1492        520         28       1796     664127   Grand Totals
     19488       1492        520         28       1796     664127   ELF Image Totals
     19488       1492        520         28          0          0   ROM Totals

==============================================================================

    Total RO  Size (Code + RO Data)                20008 (  19.54kB)
    Total RW  Size (RW Data + ZI Data)              1824 (   1.78kB)
    Total ROM Size (Code + RO Data + RW Data)      20036 (  19.57kB)

==============================================================================

